Archive member included because of file (symbol)

contiki-srf06-cc26xx.a(contiki-main.o)
                              obj_srf06-cc26xx/startup_gcc.o (main)
contiki-srf06-cc26xx.a(sensors.o)
                              contiki-srf06-cc26xx.a(contiki-main.o) (sensors_process)
contiki-srf06-cc26xx.a(leds.o)
                              contiki-srf06-cc26xx.a(contiki-main.o) (leds_init)
contiki-srf06-cc26xx.a(leds-arch.o)
                              contiki-srf06-cc26xx.a(leds.o) (leds_arch_init)
contiki-srf06-cc26xx.a(sensortag-senso)
                              contiki-srf06-cc26xx.a(sensors.o) (sensors_flags)
contiki-srf06-cc26xx.a(bmp-280-sensor.)
                              contiki-srf06-cc26xx.a(sensortag-senso) (bmp_280_sensor)
contiki-srf06-cc26xx.a(tmp-007-sensor.)
                              contiki-srf06-cc26xx.a(sensortag-senso) (tmp_007_sensor)
contiki-srf06-cc26xx.a(opt-3001-sensor)
                              contiki-srf06-cc26xx.a(sensortag-senso) (opt_3001_sensor)
contiki-srf06-cc26xx.a(hdc-1000-sensor)
                              contiki-srf06-cc26xx.a(sensortag-senso) (hdc_1000_sensor)
contiki-srf06-cc26xx.a(mpu-9250-sensor)
                              udp-server.co (mpu_9250_sensor)
contiki-srf06-cc26xx.a(button-sensor.o)
                              contiki-srf06-cc26xx.a(sensortag-senso) (button_right_sensor)
contiki-srf06-cc26xx.a(reed-relay.o)
                              contiki-srf06-cc26xx.a(sensortag-senso) (reed_relay_sensor)
contiki-srf06-cc26xx.a(board.o)
                              contiki-srf06-cc26xx.a(contiki-main.o) (board_init)
contiki-srf06-cc26xx.a(board-i2c.o)
                              contiki-srf06-cc26xx.a(board.o) (board_i2c_wakeup)
contiki-srf06-cc26xx.a(clock.o)
                              contiki-srf06-cc26xx.a(contiki-main.o) (clock_init)
contiki-srf06-cc26xx.a(rtimer-arch.o)
                              contiki-srf06-cc26xx.a(mpu-9250-sensor) (rtimer_arch_now)
contiki-srf06-cc26xx.a(soc-rtc.o)
                              contiki-srf06-cc26xx.a(contiki-main.o) (soc_rtc_init)
contiki-srf06-cc26xx.a(contiki-watchdo)
                              contiki-srf06-cc26xx.a(contiki-main.o) (watchdog_init)
contiki-srf06-cc26xx.a(putchar.o)
                              udp-server.co (putchar)
contiki-srf06-cc26xx.a(ieee-addr.o)
                              contiki-srf06-cc26xx.a(contiki-main.o) (ieee_addr_cpy_to)
contiki-srf06-cc26xx.a(cc26xx-uart.o)
                              contiki-srf06-cc26xx.a(contiki-main.o) (cc26xx_uart_init)
contiki-srf06-cc26xx.a(lpm.o)
                              contiki-srf06-cc26xx.a(button-sensor.o) (lpm_shutdown)
contiki-srf06-cc26xx.a(gpio-interrupt.)
                              contiki-srf06-cc26xx.a(button-sensor.o) (gpio_interrupt_register_handler)
contiki-srf06-cc26xx.a(oscillators.o)
                              contiki-srf06-cc26xx.a(contiki-main.o) (oscillators_select_lf_xosc)
contiki-srf06-cc26xx.a(ieee-mode.o)
                              contiki-srf06-cc26xx.a(contiki-main.o) (ieee_mode_driver)
contiki-srf06-cc26xx.a(dbg-printf.o)
                              udp-server.co (printf)
contiki-srf06-cc26xx.a(strformat.o)
                              contiki-srf06-cc26xx.a(dbg-printf.o) (format_str_v)
contiki-srf06-cc26xx.a(autostart.o)
                              contiki-srf06-cc26xx.a(contiki-main.o) (autostart_start)
contiki-srf06-cc26xx.a(ctimer.o)
                              contiki-srf06-cc26xx.a(contiki-main.o) (ctimer_init)
contiki-srf06-cc26xx.a(energest.o)
                              contiki-srf06-cc26xx.a(contiki-main.o) (energest_init)
contiki-srf06-cc26xx.a(etimer.o)
                              contiki-srf06-cc26xx.a(clock.o) (etimer_request_poll)
contiki-srf06-cc26xx.a(process.o)
                              contiki-srf06-cc26xx.a(sensors.o) (process_alloc_event)
contiki-srf06-cc26xx.a(rtimer.o)
                              contiki-srf06-cc26xx.a(contiki-main.o) (rtimer_init)
contiki-srf06-cc26xx.a(timer.o)
                              contiki-srf06-cc26xx.a(button-sensor.o) (timer_set)
contiki-srf06-cc26xx.a(serial-line.o)
                              contiki-srf06-cc26xx.a(contiki-main.o) (serial_line_init)
contiki-srf06-cc26xx.a(list.o)
                              contiki-srf06-cc26xx.a(lpm.o) (list_init)
contiki-srf06-cc26xx.a(random.o)
                              contiki-srf06-cc26xx.a(contiki-main.o) (random_init)
contiki-srf06-cc26xx.a(ringbuf.o)
                              contiki-srf06-cc26xx.a(serial-line.o) (ringbuf_init)
contiki-srf06-cc26xx.a(sicslowpan.o)
                              contiki-srf06-cc26xx.a(contiki-main.o) (sicslowpan_driver)
contiki-srf06-cc26xx.a(uip6.o)
                              udp-server.co (uip_aligned_buf)
contiki-srf06-cc26xx.a(uip-ds6.o)
                              contiki-srf06-cc26xx.a(uip6.o) (uip_ds6_is_addr_onlink)
contiki-srf06-cc26xx.a(uip-ds6-nbr.o)
[...]
Memory Configuration

Name             Origin             Length             Attributes
FLASH            0x00000000         0x0001ffa8         xr
FLASH_CCFG       0x0001ffa8         0x00000058         xr
SRAM             0x20000000         0x00005000         xrw
GPRAM            0x11000000         0x00002000         xrw
*default*        0x00000000         0xffffffff

Linker script and memory map

LOAD obj_srf06-cc26xx/fault-handlers.o
LOAD obj_srf06-cc26xx/ccfg.o
LOAD obj_srf06-cc26xx/startup_gcc.o
LOAD udp-server.co
LOAD contiki-srf06-cc26xx.a
LOAD /usr/bin/../lib/gcc/arm-none-eabi/4.9.3/../../../../arm-none-eabi/lib/armv7-m/libm.a
START GROUP
LOAD /usr/bin/../lib/gcc/arm-none-eabi/4.9.3/armv7-m/libgcc.a
LOAD /usr/bin/../lib/gcc/arm-none-eabi/4.9.3/../../../../arm-none-eabi/lib/armv7-m/libc.a
END GROUP
                0x20005000                _estack = (ORIGIN (SRAM) + 0x5000)
                0x00000000                _Min_Heap_Size = 0x0
                0x00000100                _Min_Stack_Size = 0x100

.text           0x00000000    0x11ea0
                0x00000000                _text = .
 *(SORT(.vectors))
 .vectors       0x00000000       0xc8 obj_srf06-cc26xx/startup_gcc.o
                0x00000000                gVectors
 *(SORT(.text*))
 .text.value    0x000000c8       0xb0 contiki-srf06-cc26xx.a(opt-3001-sensor)
 .text.value    0x00000178       0x9c contiki-srf06-cc26xx.a(hdc-1000-sensor)
 *fill*         0x00000214        0x4 00000000
 .text.value    0x00000218      0x1b4 contiki-srf06-cc26xx.a(mpu-9250-sensor)
 *fill*         0x000003cc        0x4 00000000
 .text.__ieee754_pow
                0x000003d0      0xaa0 /usr/bin/../lib/gcc/arm-none-eabi/4.9.3/../../../../arm-none-eabi/lib/armv7-m/libm.a(lib_a-e_pow.o)
                0x000003d0                __ieee754_pow
 .text.scalbn   0x00000e70       0xec /usr/bin/../lib/gcc/arm-none-eabi/4.9.3/../../../../arm-none-eabi/lib/armv7-m/libm.a(lib_a-s_scalbn.o)
                0x00000e70                scalbn
 .text.FaultISR
                0x00000f5c       0x18 obj_srf06-cc26xx/fault-handlers.o
                0x00000f5c                FaultISR
 .text.NmiSRHandler
                0x00000f74        0x4 obj_srf06-cc26xx/startup_gcc.o
                0x00000f74                NmiSR
 .text.IntDefaultHandler
                0x00000f78        0x4 obj_srf06-cc26xx/startup_gcc.o
                0x00000f78                TRNGIntHandler
                0x00000f78                SSI0IntHandler
                0x00000f78                SWEvent0IntHandler
                0x00000f78                uDMAIntHandler
                0x00000f78                WatchdogIntHandler
                0x00000f78                RFCHardwareIntHandler
                0x00000f78                Timer1BIntHandler
                0x00000f78                I2SIntHandler
                0x00000f78                Timer2BIntHandler
                0x00000f78                Timer2AIntHandler
                0x00000f78                Timer1AIntHandler
                0x00000f78                AONIntHandler
                0x00000f78                AUXSWEvent0IntHandler
                0x00000f78                AUXADCIntHandler
                0x00000f78                PendSVIntHandler
                0x00000f78                AUXSWEvent1IntHandler
                0x00000f78                SVCallIntHandler
                0x00000f78                MPUFaultIntHandler
                0x00000f78                SysTickIntHandler
                0x00000f78                BusFaultIntHandler
                0x00000f78                AONProgIntHandler
                0x00000f78                AUXCompAIntHandler
                0x00000f78                SSI1IntHandler
                0x00000f78                FlashIntHandler
                0x00000f78                uDMAErrIntHandler
                0x00000f78                UsageFaultIntHandler
                0x00000f78                RFCCmdAckIntHandler
                0x00000f78                CryptoIntHandler
                0x00000f78                Timer0AIntHandler
                0x00000f78                I2CIntHandler
                0x00000f78                DebugMonIntHandler
                0x00000f78                Timer0BIntHandler
                0x00000f78                AUXCombEventIntHandler
                0x00000f78                Timer3AIntHandler
                0x00000f78                DynProgIntHandler
                0x00000f78                Timer3BIntHandler
 .text.ResetISR
                0x00000f7c       0x5c obj_srf06-cc26xx/startup_gcc.o
                0x00000f7c                ResetISR
 .text.process_thread_udp_server_process
                0x00000fd8      0x134 udp-server.co
 .text.sensor_callback
                0x0000110c       0xc0 udp-server.co
 .text.fade     0x000011cc       0x64 contiki-srf06-cc26xx.a(contiki-main.o)
 .text.startup.main
                0x00001230      0x1e4 contiki-srf06-cc26xx.a(contiki-main.o)
                0x00001230                main
 .text.process_thread_sensors_process
                0x00001414       0xf8 contiki-srf06-cc26xx.a(sensors.o)
 .text.sensors_changed
                0x0000150c       0x50 contiki-srf06-cc26xx.a(sensors.o)
                0x0000150c                sensors_changed
 .text.leds_init
                0x0000155c       0x14 contiki-srf06-cc26xx.a(leds.o)
                0x0000155c                leds_init
 .text.leds_on  0x00001570       0x14 contiki-srf06-cc26xx.a(leds.o)
                0x00001570                leds_on
 .text.leds_off
                0x00001584       0x14 contiki-srf06-cc26xx.a(leds.o)
                0x00001584                leds_off
 .text.leds_arch_init
                0x00001598       0x38 contiki-srf06-cc26xx.a(leds-arch.o)
                0x00001598                leds_arch_init
 .text.leds_arch_set
                0x000015d0       0x34 contiki-srf06-cc26xx.a(leds-arch.o)
                0x000015d0                leds_arch_set
 .text.status   0x00001604       0x14 contiki-srf06-cc26xx.a(bmp-280-sensor.)
 .text.notify_ready
                0x00001618       0x14 contiki-srf06-cc26xx.a(bmp-280-sensor.)
 .text.enable_sensor
                0x0000162c       0x2c contiki-srf06-cc26xx.a(bmp-280-sensor.)
 .text.configure
                0x00001658       0x94 contiki-srf06-cc26xx.a(bmp-280-sensor.)
 .text.value    0x000016ec      0x15c contiki-srf06-cc26xx.a(bmp-280-sensor.)
 .text.status   0x00001848       0x14 contiki-srf06-cc26xx.a(tmp-007-sensor.)
 .text.notify_ready
                0x0000185c       0x14 contiki-srf06-cc26xx.a(tmp-007-sensor.)
 .text.enable_sensor
                0x00001870       0x2c contiki-srf06-cc26xx.a(tmp-007-sensor.)
 .text.configure
                0x0000189c       0x94 contiki-srf06-cc26xx.a(tmp-007-sensor.)
 .text.value    0x00001930       0xec contiki-srf06-cc26xx.a(tmp-007-sensor.)
 .text.status   0x00001a1c        0xc contiki-srf06-cc26xx.a(opt-3001-sensor)
 .text.enable_sensor
                0x00001a28       0x44 contiki-srf06-cc26xx.a(opt-3001-sensor)
 .text.notify_ready
                0x00001a6c       0x54 contiki-srf06-cc26xx.a(opt-3001-sensor)
 .text.configure
                0x00001ac0       0x4c contiki-srf06-cc26xx.a(opt-3001-sensor)
 .text.status   0x00001b0c       0x14 contiki-srf06-cc26xx.a(hdc-1000-sensor)
 .text.notify_ready
                0x00001b20       0x60 contiki-srf06-cc26xx.a(hdc-1000-sensor)
 .text.configure
                0x00001b80       0xb8 contiki-srf06-cc26xx.a(hdc-1000-sensor)
 .text.acc_convert
                0x00001c38       0x70 contiki-srf06-cc26xx.a(mpu-9250-sensor)
 .text.status   0x00001ca8       0x14 contiki-srf06-cc26xx.a(mpu-9250-sensor)
 .text.notify_ready
                0x00001cbc       0x14 contiki-srf06-cc26xx.a(mpu-9250-sensor)
 .text.sensor_sleep
                0x00001cd0       0x38 contiki-srf06-cc26xx.a(mpu-9250-sensor)
 .text.configure
                0x00001d08       0xdc contiki-srf06-cc26xx.a(mpu-9250-sensor)
 .text.int_status
                0x00001de4       0x28 contiki-srf06-cc26xx.a(mpu-9250-sensor)
 .text.initialise
                0x00001e0c       0xfc contiki-srf06-cc26xx.a(mpu-9250-sensor)
 .text.status.part.0
                0x00001f08       0x14 contiki-srf06-cc26xx.a(button-sensor.o)
 .text.value_left
                0x00001f1c       0x24 contiki-srf06-cc26xx.a(button-sensor.o)
 .text.value_right
                0x00001f40       0x18 contiki-srf06-cc26xx.a(button-sensor.o)
 .text.status_left
                0x00001f58       0x10 contiki-srf06-cc26xx.a(button-sensor.o)
 .text.status_right
                0x00001f68       0x10 contiki-srf06-cc26xx.a(button-sensor.o)
 .text.config_buttons
                0x00001f78       0x8c contiki-srf06-cc26xx.a(button-sensor.o)
 .text.config_left
                0x00002004        0xc contiki-srf06-cc26xx.a(button-sensor.o)
 .text.config_right
                0x00002010        0xc contiki-srf06-cc26xx.a(button-sensor.o)
 .text.button_press_handler
                0x0000201c       0x64 contiki-srf06-cc26xx.a(button-sensor.o)
 .text.value    0x00002080       0x10 contiki-srf06-cc26xx.a(reed-relay.o)
 .text.status   0x00002090       0x20 contiki-srf06-cc26xx.a(reed-relay.o)
 .text.configure
                0x000020b0       0x6c contiki-srf06-cc26xx.a(reed-relay.o)
 .text.reed_interrupt_handler
                0x0000211c       0x28 contiki-srf06-cc26xx.a(reed-relay.o)
 .text.power_domains_on
                0x00002144       0x20 contiki-srf06-cc26xx.a(board.o)
 .text.lpm_wakeup_handler
                0x00002164        0x4 contiki-srf06-cc26xx.a(board.o)
 .text.shutdown_handler
                0x00002168       0x68 contiki-srf06-cc26xx.a(board.o)
 .text.board_init
                0x000021d0      0x118 contiki-srf06-cc26xx.a(board.o)
                0x000021d0                board_init
 .text.i2c_status
                0x000022e8       0x34 contiki-srf06-cc26xx.a(board-i2c.o)
 .text.accessible
                0x0000231c       0x24 contiki-srf06-cc26xx.a(board-i2c.o)
 .text.board_i2c_wakeup
                0x00002340       0x5c contiki-srf06-cc26xx.a(board-i2c.o)
                0x00002340                board_i2c_wakeup
 .text.board_i2c_shutdown
                0x0000239c       0xa4 contiki-srf06-cc26xx.a(board-i2c.o)
                0x0000239c                board_i2c_shutdown
 .text.board_i2c_write
                0x00002440       0xc0 contiki-srf06-cc26xx.a(board-i2c.o)
                0x00002440                board_i2c_write
 .text.board_i2c_write_single
                0x00002500       0x44 contiki-srf06-cc26xx.a(board-i2c.o)
                0x00002500                board_i2c_write_single
 .text.board_i2c_read
                0x00002544       0xb4 contiki-srf06-cc26xx.a(board-i2c.o)
                0x00002544                board_i2c_read
 .text.board_i2c_write_read
                0x000025f8      0x138 contiki-srf06-cc26xx.a(board-i2c.o)
                0x000025f8                board_i2c_write_read
 .text.board_i2c_select
                0x00002730       0xdc contiki-srf06-cc26xx.a(board-i2c.o)
                0x00002730                board_i2c_select
 .text.power_domain_on
                0x0000280c       0x20 contiki-srf06-cc26xx.a(clock.o)
 .text.clock_init
                0x0000282c       0x90 contiki-srf06-cc26xx.a(clock.o)
                0x0000282c                clock_init
 .text.clock_time
                0x000028bc       0x34 contiki-srf06-cc26xx.a(clock.o)
                0x000028bc                clock_time
 .text.clock_update
                0x000028f0       0x3c contiki-srf06-cc26xx.a(clock.o)
                0x000028f0                clock_update
 .text.clock_seconds
                0x0000292c       0x18 contiki-srf06-cc26xx.a(clock.o)
                0x0000292c                clock_seconds
 .text.rtimer_arch_init
                0x00002944        0x4 contiki-srf06-cc26xx.a(rtimer-arch.o)
                0x00002944                rtimer_arch_init
 .text.rtimer_arch_schedule
                0x00002948        0x8 contiki-srf06-cc26xx.a(rtimer-arch.o)
                0x00002948                rtimer_arch_schedule
 .text.rtimer_arch_now
                0x00002950        0x4 contiki-srf06-cc26xx.a(rtimer-arch.o)
                0x00002950                rtimer_arch_now
 .text.soc_rtc_init
                0x00002954       0x94 contiki-srf06-cc26xx.a(soc-rtc.o)
                0x00002954                soc_rtc_init
 .text.soc_rtc_get_next_trigger
                0x000029e8       0x28 contiki-srf06-cc26xx.a(soc-rtc.o)
                0x000029e8                soc_rtc_get_next_trigger
 .text.soc_rtc_schedule_one_shot
                0x00002a10       0x4c contiki-srf06-cc26xx.a(soc-rtc.o)
                0x00002a10                soc_rtc_schedule_one_shot
 .text.soc_rtc_last_isr_time
                0x00002a5c        0xc contiki-srf06-cc26xx.a(soc-rtc.o)
                0x00002a5c                soc_rtc_last_isr_time
 .text.AONRTCIntHandler
                0x00002a68       0x68 contiki-srf06-cc26xx.a(soc-rtc.o)
                0x00002a68                AONRTCIntHandler
 .text.lock_config
                0x00002ad0       0x18 contiki-srf06-cc26xx.a(contiki-watchdo)
 .text.unlock_config
                0x00002ae8       0x2c contiki-srf06-cc26xx.a(contiki-watchdo)
 .text.watchdog_init
                0x00002b14       0x1c contiki-srf06-cc26xx.a(contiki-watchdo)
                0x00002b14                watchdog_init
 .text.watchdog_start
                0x00002b30       0x30 contiki-srf06-cc26xx.a(contiki-watchdo)
                0x00002b30                watchdog_start
 .text.watchdog_periodic
                0x00002b60       0x1c contiki-srf06-cc26xx.a(contiki-watchdo)
                0x00002b60                watchdog_periodic
 .text.putchar  0x00002b7c       0x10 contiki-srf06-cc26xx.a(putchar.o)
                0x00002b7c                putchar
 .text.puts     0x00002b8c       0x30 contiki-srf06-cc26xx.a(putchar.o)
                0x00002b8c                puts
 .text.dbg_send_bytes
                0x00002bbc       0x40 contiki-srf06-cc26xx.a(putchar.o)
                0x00002bbc                dbg_send_bytes
 .text.ieee_addr_cpy_to
                0x00002bfc       0x40 contiki-srf06-cc26xx.a(ieee-addr.o)
                0x00002bfc                ieee_addr_cpy_to
 .text.power_and_clock
                0x00002c3c       0x40 contiki-srf06-cc26xx.a(cc26xx-uart.o)
 .text.enable   0x00002c7c       0xf4 contiki-srf06-cc26xx.a(cc26xx-uart.o)
 .text.accessible
                0x00002d70       0x24 contiki-srf06-cc26xx.a(cc26xx-uart.o)
 .text.lpm_drop_handler
                0x00002d94       0xcc contiki-srf06-cc26xx.a(cc26xx-uart.o)
 .text.cc26xx_uart_init
                0x00002e60       0x28 contiki-srf06-cc26xx.a(cc26xx-uart.o)
                0x00002e60                cc26xx_uart_init
 .text.cc26xx_uart_write_byte
                0x00002e88       0x28 contiki-srf06-cc26xx.a(cc26xx-uart.o)
                0x00002e88                cc26xx_uart_write_byte
 .text.cc26xx_uart_busy
                0x00002eb0       0x18 contiki-srf06-cc26xx.a(cc26xx-uart.o)
                0x00002eb0                cc26xx_uart_busy
 .text.UART0IntHandler
                0x00002ec8       0x54 contiki-srf06-cc26xx.a(cc26xx-uart.o)
                0x00002ec8                UART0IntHandler
 .text.lpm_shutdown
                0x00002f1c      0x1b8 contiki-srf06-cc26xx.a(lpm.o)
                0x00002f1c                lpm_shutdown
 .text.lpm_drop
                0x000030d4      0x1fc contiki-srf06-cc26xx.a(lpm.o)
                0x000030d4                lpm_drop
 .text.lpm_sleep
                0x000032d0       0x14 contiki-srf06-cc26xx.a(lpm.o)
                0x000032d0                lpm_sleep
 .text.lpm_register_module
                0x000032e4        0xc contiki-srf06-cc26xx.a(lpm.o)
                0x000032e4                lpm_register_module
 .text.lpm_unregister_module
                0x000032f0        0xc contiki-srf06-cc26xx.a(lpm.o)
                0x000032f0                lpm_unregister_module
 .text.lpm_init
                0x000032fc       0x20 contiki-srf06-cc26xx.a(lpm.o)
                0x000032fc                lpm_init
 .text.lpm_pin_set_default_state
                0x0000331c       0x30 contiki-srf06-cc26xx.a(lpm.o)
                0x0000331c                lpm_pin_set_default_state
 .text.gpio_interrupt_register_handler
                0x0000334c       0x2c contiki-srf06-cc26xx.a(gpio-interrupt.)
                0x0000334c                gpio_interrupt_register_handler
 .text.gpio_interrupt_init
                0x00003378       0x24 contiki-srf06-cc26xx.a(gpio-interrupt.)
                0x00003378                gpio_interrupt_init
 .text.GPIOIntHandler
                0x0000339c       0x30 contiki-srf06-cc26xx.a(gpio-interrupt.)
                0x0000339c                GPIOIntHandler
 .text.osc_interface_dis
                0x000033cc       0x28 contiki-srf06-cc26xx.a(oscillators.o)
 .text.osc_interface_en
                0x000033f4       0x30 contiki-srf06-cc26xx.a(oscillators.o)
 .text.oscillators_select_lf_xosc
                0x00003424       0x48 contiki-srf06-cc26xx.a(oscillators.o)
                0x00003424                oscillators_select_lf_xosc
 .text.oscillators_select_lf_rcosc
                0x0000346c       0x30 contiki-srf06-cc26xx.a(oscillators.o)
                0x0000346c                oscillators_select_lf_rcosc
 .text.oscillators_request_hf_xosc
                0x0000349c       0x24 contiki-srf06-cc26xx.a(oscillators.o)
                0x0000349c                oscillators_request_hf_xosc
 .text.oscillators_switch_to_hf_xosc
                0x000034c0       0x28 contiki-srf06-cc26xx.a(oscillators.o)
                0x000034c0                oscillators_switch_to_hf_xosc
 .text.oscillators_switch_to_hf_rc
                0x000034e8       0x2c contiki-srf06-cc26xx.a(oscillators.o)
                0x000034e8                oscillators_switch_to_hf_rc
 .text.request  0x00003514       0x20 contiki-srf06-cc26xx.a(ieee-mode.o)
 .text.rx_on    0x00003534       0x60 contiki-srf06-cc26xx.a(ieee-mode.o)
 .text.rf_radio_setup
                0x00003594       0x74 contiki-srf06-cc26xx.a(ieee-mode.o)
 .text.soft_on  0x00003608       0x18 contiki-srf06-cc26xx.a(ieee-mode.o)
 .text.pending_packet
                0x00003620       0x34 contiki-srf06-cc26xx.a(ieee-mode.o)
 .text.prepare  0x00003654       0x1c contiki-srf06-cc26xx.a(ieee-mode.o)
 .text.read_frame
                0x00003670       0x58 contiki-srf06-cc26xx.a(ieee-mode.o)
 .text.soft_off
                0x000036c8       0x3c contiki-srf06-cc26xx.a(ieee-mode.o)
 .text.get_object
                0x00003704       0x30 contiki-srf06-cc26xx.a(ieee-mode.o)
 .text.transmitting
                0x00003734       0x4c contiki-srf06-cc26xx.a(ieee-mode.o)
 .text.rx_off   0x00003780       0x5c contiki-srf06-cc26xx.a(ieee-mode.o)
 .text.get_cca_info
                0x000037dc       0x44 contiki-srf06-cc26xx.a(ieee-mode.o)
 .text.off      0x00003820       0x4c contiki-srf06-cc26xx.a(ieee-mode.o)
 .text.receiving_packet
                0x0000386c       0x40 contiki-srf06-cc26xx.a(ieee-mode.o)
 .text.on       0x000038ac       0x9c contiki-srf06-cc26xx.a(ieee-mode.o)
 .text.set_value
                0x00003948      0x158 contiki-srf06-cc26xx.a(ieee-mode.o)
 .text.get_value
                0x00003aa0      0x138 contiki-srf06-cc26xx.a(ieee-mode.o)
 .text.transmit
                0x00003bd8       0xbc contiki-srf06-cc26xx.a(ieee-mode.o)
 .text.send     0x00003c94       0x24 contiki-srf06-cc26xx.a(ieee-mode.o)
 .text.set_object
                0x00003cb8       0x68 contiki-srf06-cc26xx.a(ieee-mode.o)
 .text.channel_clear
                0x00003d20       0x68 contiki-srf06-cc26xx.a(ieee-mode.o)
 .text.init     0x00003d88       0xe0 contiki-srf06-cc26xx.a(ieee-mode.o)
 .text.write_str
                0x00003e68       0x14 contiki-srf06-cc26xx.a(dbg-printf.o)
 .text.printf   0x00003e7c       0x24 contiki-srf06-cc26xx.a(dbg-printf.o)
                0x00003e7c                printf
 .text.fill_space
                0x00003ea0       0x3c contiki-srf06-cc26xx.a(strformat.o)
 .text.format_str_v
                0x00003edc      0x95c contiki-srf06-cc26xx.a(strformat.o)
                0x00003edc                format_str_v
 .text.autostart_start
                0x00004838       0x18 contiki-srf06-cc26xx.a(autostart.o)
                0x00004838                autostart_start
 .text.process_thread_ctimer_process
                0x00004850       0x94 contiki-srf06-cc26xx.a(ctimer.o)
 .text.ctimer_init
                0x000048e4       0x28 contiki-srf06-cc26xx.a(ctimer.o)
                0x000048e4                ctimer_init
 .text.ctimer_set_with_process
                0x0000490c       0x4c contiki-srf06-cc26xx.a(ctimer.o)
                0x0000490c                ctimer_set_with_process
 .text.ctimer_set
                0x00004958       0x18 contiki-srf06-cc26xx.a(ctimer.o)
                0x00004958                ctimer_set
 .text.ctimer_reset
                0x00004970       0x38 contiki-srf06-cc26xx.a(ctimer.o)
                0x00004970                ctimer_reset
 .text.ctimer_stop
                0x000049a8       0x34 contiki-srf06-cc26xx.a(ctimer.o)
                0x000049a8                ctimer_stop
 .text.energest_init
                0x000049dc        0x4 contiki-srf06-cc26xx.a(energest.o)
                0x000049dc                energest_init
 .text.update_time
                0x000049e0       0x44 contiki-srf06-cc26xx.a(etimer.o)
 .text.process_thread_etimer_process
                0x00004a24       0xc8 contiki-srf06-cc26xx.a(etimer.o)
 .text.add_timer
                0x00004aec       0x54 contiki-srf06-cc26xx.a(etimer.o)
 .text.etimer_request_poll
                0x00004b40        0xc contiki-srf06-cc26xx.a(etimer.o)
                0x00004b40                etimer_request_poll
 .text.etimer_set
                0x00004b4c       0x14 contiki-srf06-cc26xx.a(etimer.o)
                0x00004b4c                etimer_set
 .text.etimer_reset
                0x00004b60       0x14 contiki-srf06-cc26xx.a(etimer.o)
                0x00004b60                etimer_reset
 .text.etimer_restart
                0x00004b74       0x14 contiki-srf06-cc26xx.a(etimer.o)
                0x00004b74                etimer_restart
 .text.etimer_expired
                0x00004b88        0xc contiki-srf06-cc26xx.a(etimer.o)
                0x00004b88                etimer_expired
 .text.etimer_expiration_time
                0x00004b94        0x8 contiki-srf06-cc26xx.a(etimer.o)
                0x00004b94                etimer_expiration_time
 .text.etimer_pending
                0x00004b9c       0x10 contiki-srf06-cc26xx.a(etimer.o)
                0x00004b9c                etimer_pending
 .text.etimer_next_expiration_time
                0x00004bac       0x14 contiki-srf06-cc26xx.a(etimer.o)
                0x00004bac                etimer_next_expiration_time
 .text.etimer_stop
                0x00004bc0       0x4c contiki-srf06-cc26xx.a(etimer.o)
                0x00004bc0                etimer_stop
 .text.exit_process
                0x00004c0c       0xb0 contiki-srf06-cc26xx.a(process.o)
 .text.call_process.part.0
                0x00004cbc       0x38 contiki-srf06-cc26xx.a(process.o)
 .text.do_poll  0x00004cf4       0x3c contiki-srf06-cc26xx.a(process.o)
 .text.process_alloc_event
                0x00004d30       0x10 contiki-srf06-cc26xx.a(process.o)
                0x00004d30                process_alloc_event
 .text.process_exit
                0x00004d40        0xc contiki-srf06-cc26xx.a(process.o)
                0x00004d40                process_exit
 .text.process_init
                0x00004d4c       0x34 contiki-srf06-cc26xx.a(process.o)
                0x00004d4c                process_init
 .text.process_run
                0x00004d80       0xd8 contiki-srf06-cc26xx.a(process.o)
                0x00004d80                process_run
 .text.process_nevents
                0x00004e58       0x14 contiki-srf06-cc26xx.a(process.o)
                0x00004e58                process_nevents
 .text.process_post
                0x00004e6c       0x50 contiki-srf06-cc26xx.a(process.o)
                0x00004e6c                process_post
 .text.process_post_synch
                0x00004ebc       0x18 contiki-srf06-cc26xx.a(process.o)
                0x00004ebc                process_post_synch
 .text.process_start
                0x00004ed4       0x40 contiki-srf06-cc26xx.a(process.o)
                0x00004ed4                process_start
 .text.process_poll
                0x00004f14       0x18 contiki-srf06-cc26xx.a(process.o)
                0x00004f14                process_poll
 .text.rtimer_init
                0x00004f2c        0x4 contiki-srf06-cc26xx.a(rtimer.o)
                0x00004f2c                rtimer_init
 .text.rtimer_set
                0x00004f30       0x2c contiki-srf06-cc26xx.a(rtimer.o)
                0x00004f30                rtimer_set
 .text.rtimer_run_next
                0x00004f5c       0x28 contiki-srf06-cc26xx.a(rtimer.o)
                0x00004f5c                rtimer_run_next
 .text.timer_set
                0x00004f84       0x10 contiki-srf06-cc26xx.a(timer.o)
                0x00004f84                timer_set
 .text.timer_reset
                0x00004f94        0xc contiki-srf06-cc26xx.a(timer.o)
                0x00004f94                timer_reset
 .text.timer_restart
                0x00004fa0        0xc contiki-srf06-cc26xx.a(timer.o)
                0x00004fa0                timer_restart
 .text.timer_expired
                0x00004fac       0x1c contiki-srf06-cc26xx.a(timer.o)
                0x00004fac                timer_expired
 .text.process_thread_serial_line_process
                0x00004fc8       0xac contiki-srf06-cc26xx.a(serial-line.o)
 .text.serial_line_init
                0x00005074       0x24 contiki-srf06-cc26xx.a(serial-line.o)
                0x00005074                serial_line_init
 .text.list_init
                0x00005098        0x8 contiki-srf06-cc26xx.a(list.o)
                0x00005098                list_init
 .text.list_head
                0x000050a0        0x4 contiki-srf06-cc26xx.a(list.o)
                0x000050a0                list_head
 .text.list_tail
                0x000050a4       0x14 contiki-srf06-cc26xx.a(list.o)
                0x000050a4                list_tail
 .text.list_add
                0x000050b8       0x48 contiki-srf06-cc26xx.a(list.o)
                0x000050b8                list_add
 .text.list_push
                0x00005100       0x40 contiki-srf06-cc26xx.a(list.o)
                0x00005100                list_push
 .text.list_remove
                0x00005140       0x2c contiki-srf06-cc26xx.a(list.o)
                0x00005140                list_remove
 .text.list_length
                0x0000516c       0x14 contiki-srf06-cc26xx.a(list.o)
                0x0000516c                list_length
 .text.list_item_next
                0x00005180        0x8 contiki-srf06-cc26xx.a(list.o)
                0x00005180                list_item_next
 .text.random_init
                0x00005188        0x4 contiki-srf06-cc26xx.a(random.o)
                0x00005188                random_init
 .text.random_rand
                0x0000518c        0xc contiki-srf06-cc26xx.a(random.o)
                0x0000518c                random_rand
 .text.ringbuf_init
                0x00005198       0x10 contiki-srf06-cc26xx.a(ringbuf.o)
                0x00005198                ringbuf_init
 .text.ringbuf_get
                0x000051a8       0x28 contiki-srf06-cc26xx.a(ringbuf.o)
                0x000051a8                ringbuf_get
 .text.sicslowpan_init
                0x000051d0       0x24 contiki-srf06-cc26xx.a(sicslowpan.o)
                0x000051d0                sicslowpan_init
 .text.set_packet_attrs
                0x000051f4       0x4c contiki-srf06-cc26xx.a(sicslowpan.o)
 .text.compress_addr_64
                0x00005240       0x9c contiki-srf06-cc26xx.a(sicslowpan.o)
 .text.addr_context_lookup_by_prefix
                0x000052dc       0x28 contiki-srf06-cc26xx.a(sicslowpan.o)
 .text.send_packet
                0x00005304       0x24 contiki-srf06-cc26xx.a(sicslowpan.o)
 .text.packet_sent
                0x00005328       0x28 contiki-srf06-cc26xx.a(sicslowpan.o)
 .text.store_fragment
                0x00005350       0x68 contiki-srf06-cc26xx.a(sicslowpan.o)
 .text.add_fragment
                0x000053b8      0x19c contiki-srf06-cc26xx.a(sicslowpan.o)
 .text.uncompress_addr
                0x00005554       0xb8 contiki-srf06-cc26xx.a(sicslowpan.o)
 .text.input    0x0000560c      0x654 contiki-srf06-cc26xx.a(sicslowpan.o)
 .text.output   0x00005c60      0x738 contiki-srf06-cc26xx.a(sicslowpan.o)
 .text.chksum   0x00006398       0x50 contiki-srf06-cc26xx.a(uip6.o)
 .text.upper_layer_chksum
                0x000063e8       0x58 contiki-srf06-cc26xx.a(uip6.o)
 .text.ext_hdr_options_process
                0x00006440       0xc8 contiki-srf06-cc26xx.a(uip6.o)
 .text.uip_add32
                0x00006508       0x58 contiki-srf06-cc26xx.a(uip6.o)
                0x00006508                uip_add32
 .text.unlikely.uip_add_rcv_nxt
                0x00006560       0x2c contiki-srf06-cc26xx.a(uip6.o)
 .text.uip_icmp6chksum
                0x0000658c        0x8 contiki-srf06-cc26xx.a(uip6.o)
                0x0000658c                uip_icmp6chksum
 .text.uip_init
                0x00006594       0x64 contiki-srf06-cc26xx.a(uip6.o)
                0x00006594                uip_init
 .text.remove_ext_hdr
                0x000065f8       0x60 contiki-srf06-cc26xx.a(uip6.o)
                0x000065f8                remove_ext_hdr
 .text.uip_udp_new
                0x00006658       0xd4 contiki-srf06-cc26xx.a(uip6.o)
                0x00006658                uip_udp_new
 .text.uip_unlisten
                0x0000672c       0x44 contiki-srf06-cc26xx.a(uip6.o)
                0x0000672c                uip_unlisten
 .text.uip_process
                0x00006770     0x119c contiki-srf06-cc26xx.a(uip6.o)
                0x00006770                uip_process
 .text.uip_htons
                0x0000790c        0x8 contiki-srf06-cc26xx.a(uip6.o)
                0x0000790c                uip_htons
 .text.uip_htonl
                0x00007914       0x14 contiki-srf06-cc26xx.a(uip6.o)
                0x00007914                uip_htonl
 .text.uip_ds6_list_loop
                0x00007928       0x60 contiki-srf06-cc26xx.a(uip-ds6.o)
                0x00007928                uip_ds6_list_loop
 .text.uip_ds6_prefix_add
                0x00007988       0x6c contiki-srf06-cc26xx.a(uip-ds6.o)
                0x00007988                uip_ds6_prefix_add
 .text.uip_ds6_is_addr_onlink
                0x000079f4       0x3c contiki-srf06-cc26xx.a(uip-ds6.o)
                0x000079f4                uip_ds6_is_addr_onlink
 .text.uip_ds6_addr_lookup
                0x00007a30       0x30 contiki-srf06-cc26xx.a(uip-ds6.o)
                0x00007a30                uip_ds6_addr_lookup
 .text.uip_ds6_get_link_local
                0x00007a60       0x44 contiki-srf06-cc26xx.a(uip-ds6.o)
                0x00007a60                uip_ds6_get_link_local
 .text.uip_ds6_maddr_add
                0x00007aa4       0x50 contiki-srf06-cc26xx.a(uip-ds6.o)
                0x00007aa4                uip_ds6_maddr_add
 .text.uip_ds6_addr_add
                0x00007af4       0xa8 contiki-srf06-cc26xx.a(uip-ds6.o)
                0x00007af4                uip_ds6_addr_add
 .text.uip_ds6_maddr_lookup
                0x00007b9c       0x30 contiki-srf06-cc26xx.a(uip-ds6.o)
                0x00007b9c                uip_ds6_maddr_lookup
 .text.uip_ds6_addr_rm
                0x00007bcc       0x48 contiki-srf06-cc26xx.a(uip-ds6.o)
                0x00007bcc                uip_ds6_addr_rm
 .text.uip_ds6_periodic
                0x00007c14       0x60 contiki-srf06-cc26xx.a(uip-ds6.o)
                0x00007c14                uip_ds6_periodic
 .text.uip_ds6_select_src
                0x00007c74       0xf4 contiki-srf06-cc26xx.a(uip-ds6.o)
                0x00007c74                uip_ds6_select_src
 .text.uip_ds6_set_addr_iid
                0x00007d68       0x14 contiki-srf06-cc26xx.a(uip-ds6.o)
                0x00007d68                uip_ds6_set_addr_iid
 .text.uip_ds6_compute_reachable_time
                0x00007d7c       0x28 contiki-srf06-cc26xx.a(uip-ds6.o)
                0x00007d7c                uip_ds6_compute_reachable_time
 .text.uip_ds6_init
                0x00007da4       0xf8 contiki-srf06-cc26xx.a(uip-ds6.o)
                0x00007da4                uip_ds6_init
 .text.uip_ds6_nbr_rm
                0x00007e9c       0x20 contiki-srf06-cc26xx.a(uip-ds6-nbr.o)
                0x00007e9c                uip_ds6_nbr_rm
 .text.uip_ds6_neighbors_init
                0x00007ebc       0x14 contiki-srf06-cc26xx.a(uip-ds6-nbr.o)
                0x00007ebc                uip_ds6_neighbors_init
 .text.uip_ds6_nbr_add
                0x00007ed0       0x54 contiki-srf06-cc26xx.a(uip-ds6-nbr.o)
                0x00007ed0                uip_ds6_nbr_add
 .text.uip_ds6_nbr_get_ll
                0x00007f24       0x10 contiki-srf06-cc26xx.a(uip-ds6-nbr.o)
                0x00007f24                uip_ds6_nbr_get_ll
 .text.uip_ds6_nbr_lookup
                0x00007f34       0x3c contiki-srf06-cc26xx.a(uip-ds6-nbr.o)
                0x00007f34                uip_ds6_nbr_lookup
 .text.uip_ds6_nbr_ipaddr_from_lladdr
                0x00007f70       0x10 contiki-srf06-cc26xx.a(uip-ds6-nbr.o)
                0x00007f70                uip_ds6_nbr_ipaddr_from_lladdr
 .text.uip_ds6_nbr_lladdr_from_ipaddr
                0x00007f80       0x1c contiki-srf06-cc26xx.a(uip-ds6-nbr.o)
                0x00007f80                uip_ds6_nbr_lladdr_from_ipaddr
 .text.uip_ds6_link_neighbor_callback
                0x00007f9c       0x2c contiki-srf06-cc26xx.a(uip-ds6-nbr.o)
                0x00007f9c                uip_ds6_link_neighbor_callback
 .text.uip_ds6_neighbor_periodic
                0x00007fc8      0x12c contiki-srf06-cc26xx.a(uip-ds6-nbr.o)
                0x00007fc8                uip_ds6_neighbor_periodic
 .text.call_route_callback
                0x000080f4       0x50 contiki-srf06-cc26xx.a(uip-ds6-route.o)
 .text.uip_ds6_route_init
                0x00008144       0x4c contiki-srf06-cc26xx.a(uip-ds6-route.o)
                0x00008144                uip_ds6_route_init
 .text.uip_ds6_route_nexthop
                0x00008190       0x1c contiki-srf06-cc26xx.a(uip-ds6-route.o)
                0x00008190                uip_ds6_route_nexthop
 .text.uip_ds6_route_head
                0x000081ac        0xc contiki-srf06-cc26xx.a(uip-ds6-route.o)
                0x000081ac                uip_ds6_route_head
 .text.uip_ds6_route_next
                0x000081b8        0x8 contiki-srf06-cc26xx.a(uip-ds6-route.o)
                0x000081b8                uip_ds6_route_next
 .text.uip_ds6_route_lookup
                0x000081c0       0x78 contiki-srf06-cc26xx.a(uip-ds6-route.o)
                0x000081c0                uip_ds6_route_lookup
 .text.uip_ds6_route_rm
                0x00008238       0xac contiki-srf06-cc26xx.a(uip-ds6-route.o)
                0x00008238                uip_ds6_route_rm
 .text.rm_routelist
                0x000082e4       0x38 contiki-srf06-cc26xx.a(uip-ds6-route.o)
 .text.rm_routelist_callback
                0x0000831c        0x4 contiki-srf06-cc26xx.a(uip-ds6-route.o)
 .text.uip_ds6_route_add
                0x00008320      0x134 contiki-srf06-cc26xx.a(uip-ds6-route.o)
                0x00008320                uip_ds6_route_add
 .text.uip_ds6_defrt_rm
                0x00008454       0x48 contiki-srf06-cc26xx.a(uip-ds6-route.o)
                0x00008454                uip_ds6_defrt_rm
 .text.uip_ds6_defrt_lookup
                0x0000849c       0x34 contiki-srf06-cc26xx.a(uip-ds6-route.o)
                0x0000849c                uip_ds6_defrt_lookup
 .text.uip_ds6_defrt_add
                0x000084d0       0x5c contiki-srf06-cc26xx.a(uip-ds6-route.o)
                0x000084d0                uip_ds6_defrt_add
 .text.uip_ds6_defrt_choose
                0x0000852c       0x34 contiki-srf06-cc26xx.a(uip-ds6-route.o)
                0x0000852c                uip_ds6_defrt_choose
 .text.uip_ds6_defrt_periodic
                0x00008560       0x3c contiki-srf06-cc26xx.a(uip-ds6-route.o)
                0x00008560                uip_ds6_defrt_periodic
 .text.echo_reply_input
                0x0000859c      0x110 contiki-srf06-cc26xx.a(uip-icmp6.o)
 .text.echo_request_input
                0x000086ac      0x118 contiki-srf06-cc26xx.a(uip-icmp6.o)
 .text.uip_icmp6_input
                0x000087c4       0x3c contiki-srf06-cc26xx.a(uip-icmp6.o)
                0x000087c4                uip_icmp6_input
 .text.uip_icmp6_register_input_handler
                0x00008800        0xc contiki-srf06-cc26xx.a(uip-icmp6.o)
                0x00008800                uip_icmp6_register_input_handler
 .text.uip_icmp6_error_output
                0x0000880c      0x158 contiki-srf06-cc26xx.a(uip-icmp6.o)
                0x0000880c                uip_icmp6_error_output
 .text.uip_icmp6_send
                0x00008964       0x84 contiki-srf06-cc26xx.a(uip-icmp6.o)
                0x00008964                uip_icmp6_send
 .text.uip_icmp6_init
                0x000089e8       0x24 contiki-srf06-cc26xx.a(uip-icmp6.o)
                0x000089e8                uip_icmp6_init
 .text.na_input
                0x00008a0c      0x1f4 contiki-srf06-cc26xx.a(uip-nd6.o)
 .text.ns_input
                0x00008c00      0x2b0 contiki-srf06-cc26xx.a(uip-nd6.o)
 .text.uip_nd6_ns_output
                0x00008eb0      0x174 contiki-srf06-cc26xx.a(uip-nd6.o)
                0x00008eb0                uip_nd6_ns_output
 .text.uip_nd6_init
                0x00009024       0x1c contiki-srf06-cc26xx.a(uip-nd6.o)
                0x00009024                uip_nd6_init
 .text.dns_name_isequal
                0x00009040       0xac contiki-srf06-cc26xx.a(resolv.o)
 .text.encode_name
                0x000090ec       0x58 contiki-srf06-cc26xx.a(resolv.o)
 .text.mdns_write_announce_records
                0x00009144       0xa0 contiki-srf06-cc26xx.a(resolv.o)
 .text.mdns_prep_host_announce_packet
                0x000091e4       0xa0 contiki-srf06-cc26xx.a(resolv.o)
 .text.remove_trailing_dots
                0x00009284       0x4c contiki-srf06-cc26xx.a(resolv.o)
 .text.resolv_found
                0x000092d0       0xf8 contiki-srf06-cc26xx.a(resolv.o)
 .text.resolv_set_hostname
                0x000093c8       0x68 contiki-srf06-cc26xx.a(resolv.o)
                0x000093c8                resolv_set_hostname
 .text.process_thread_resolv_process
                0x00009430      0x8ec contiki-srf06-cc26xx.a(resolv.o)
 .text.resolv_query
                0x00009d1c      0x1a4 contiki-srf06-cc26xx.a(resolv.o)
                0x00009d1c                resolv_query
 .text.process_thread_mdns_probe_process
                0x00009ec0       0xac contiki-srf06-cc26xx.a(resolv.o)
 .text.start_periodic_tcp_timer
                0x00009f6c       0x1c contiki-srf06-cc26xx.a(tcpip.o)
 .text.tcpip_set_outputfunc
                0x00009f88        0xc contiki-srf06-cc26xx.a(tcpip.o)
                0x00009f88                tcpip_set_outputfunc
 .text.udp_new  0x00009f94       0x18 contiki-srf06-cc26xx.a(tcpip.o)
                0x00009f94                udp_new
 .text.tcpip_icmp6_call
                0x00009fac       0x28 contiki-srf06-cc26xx.a(tcpip.o)
                0x00009fac                tcpip_icmp6_call
 .text.tcpip_input
                0x00009fd4       0x24 contiki-srf06-cc26xx.a(tcpip.o)
                0x00009fd4                tcpip_input
 .text.tcpip_ipv6_output
                0x00009ff8      0x144 contiki-srf06-cc26xx.a(tcpip.o)
                0x00009ff8                tcpip_ipv6_output
 .text.process_thread_tcpip_process
                0x0000a13c      0x208 contiki-srf06-cc26xx.a(tcpip.o)
 .text.tcpip_poll_udp
                0x0000a344       0x10 contiki-srf06-cc26xx.a(tcpip.o)
                0x0000a344                tcpip_poll_udp
 .text.tcpip_uipcall
                0x0000a354       0x90 contiki-srf06-cc26xx.a(tcpip.o)
                0x0000a354                tcpip_uipcall
 .text.uip_debug_ipaddr_print
                0x0000a3e4       0xb0 contiki-srf06-cc26xx.a(uip-debug.o)
                0x0000a3e4                uip_debug_ipaddr_print
 .text.uip_nameserver_get
                0x0000a494       0x10 contiki-srf06-cc26xx.a(uip-nameserver.)
                0x0000a494                uip_nameserver_get
 .text.uip_udp_packet_send
                0x0000a4a4       0x44 contiki-srf06-cc26xx.a(uip-udp-packet.)
                0x0000a4a4                uip_udp_packet_send
 .text.uip_udp_packet_sendto
                0x0000a4e8       0x48 contiki-srf06-cc26xx.a(uip-udp-packet.)
                0x0000a4e8                uip_udp_packet_sendto
 .text.rpl_get_mode
                0x0000a530        0xc contiki-srf06-cc26xx.a(rpl.o)
                0x0000a530                rpl_get_mode
 .text.rpl_purge_routes
                0x0000a53c       0x7c contiki-srf06-cc26xx.a(rpl.o)
                0x0000a53c                rpl_purge_routes
 .text.rpl_remove_routes
                0x0000a5b8       0x24 contiki-srf06-cc26xx.a(rpl.o)
                0x0000a5b8                rpl_remove_routes
 .text.rpl_remove_routes_by_nexthop
                0x0000a5dc       0x40 contiki-srf06-cc26xx.a(rpl.o)
                0x0000a5dc                rpl_remove_routes_by_nexthop
 .text.rpl_add_route
                0x0000a61c       0x2c contiki-srf06-cc26xx.a(rpl.o)
                0x0000a61c                rpl_add_route
 .text.rpl_link_neighbor_callback
                0x0000a648       0x78 contiki-srf06-cc26xx.a(rpl.o)
                0x0000a648                rpl_link_neighbor_callback
 .text.rpl_ipv6_neighbor_callback
                0x0000a6c0       0x30 contiki-srf06-cc26xx.a(rpl.o)
                0x0000a6c0                rpl_ipv6_neighbor_callback
 .text.rpl_purge_dags
                0x0000a6f0       0x40 contiki-srf06-cc26xx.a(rpl.o)
                0x0000a6f0                rpl_purge_dags
 .text.rpl_init
                0x0000a730       0x58 contiki-srf06-cc26xx.a(rpl.o)
                0x0000a730                rpl_init
 .text.lollipop_greater_than
                0x0000a788       0x3c contiki-srf06-cc26xx.a(rpl-dag.o)
 .text.rpl_set_preferred_parent
                0x0000a7c4       0x2c contiki-srf06-cc26xx.a(rpl-dag.o)
 .text.set_ip_from_prefix
                0x0000a7f0       0x2c contiki-srf06-cc26xx.a(rpl-dag.o)
 .text.check_prefix
                0x0000a81c       0x78 contiki-srf06-cc26xx.a(rpl-dag.o)
 .text.find_parent_any_dag_any_instance
                0x0000a894       0x1c contiki-srf06-cc26xx.a(rpl-dag.o)
 .text.rpl_get_nbr
                0x0000a8b0       0x28 contiki-srf06-cc26xx.a(rpl-dag.o)
                0x0000a8b0                rpl_get_nbr
 .text.rpl_dag_init
                0x0000a8d8       0x14 contiki-srf06-cc26xx.a(rpl-dag.o)
                0x0000a8d8                rpl_dag_init
 .text.rpl_get_parent
                0x0000a8ec       0x10 contiki-srf06-cc26xx.a(rpl-dag.o)
                0x0000a8ec                rpl_get_parent
 .text.rpl_get_parent_ipaddr
                0x0000a8fc       0x18 contiki-srf06-cc26xx.a(rpl-dag.o)
                0x0000a8fc                rpl_get_parent_ipaddr
 .text.rpl_repair_root
                0x0000a914       0x5c contiki-srf06-cc26xx.a(rpl-dag.o)
                0x0000a914                rpl_repair_root
 .text.rpl_set_prefix
                0x0000a970       0x98 contiki-srf06-cc26xx.a(rpl-dag.o)
                0x0000a970                rpl_set_prefix
 .text.rpl_set_default_route
                0x0000aa08       0x3c contiki-srf06-cc26xx.a(rpl-dag.o)
                0x0000aa08                rpl_set_default_route
 .text.rpl_alloc_instance
                0x0000aa44       0x34 contiki-srf06-cc26xx.a(rpl-dag.o)
                0x0000aa44                rpl_alloc_instance
 .text.rpl_alloc_dag
                0x0000aa78       0x5c contiki-srf06-cc26xx.a(rpl-dag.o)
                0x0000aa78                rpl_alloc_dag
 .text.rpl_add_parent
                0x0000aad4       0x44 contiki-srf06-cc26xx.a(rpl-dag.o)
                0x0000aad4                rpl_add_parent
 .text.rpl_find_parent
                0x0000ab18       0x18 contiki-srf06-cc26xx.a(rpl-dag.o)
                0x0000ab18                rpl_find_parent
 .text.rpl_find_parent_any_dag
                0x0000ab30       0x20 contiki-srf06-cc26xx.a(rpl-dag.o)
                0x0000ab30                rpl_find_parent_any_dag
 .text.rpl_select_parent
                0x0000ab50       0x84 contiki-srf06-cc26xx.a(rpl-dag.o)
                0x0000ab50                rpl_select_parent
 .text.rpl_select_dag
                0x0000abd4      0x17c contiki-srf06-cc26xx.a(rpl-dag.o)
                0x0000abd4                rpl_select_dag
 .text.rpl_nullify_parent
                0x0000ad50       0x4c contiki-srf06-cc26xx.a(rpl-dag.o)
                0x0000ad50                rpl_nullify_parent
 .text.rpl_remove_parent
                0x0000ad9c       0x1c contiki-srf06-cc26xx.a(rpl-dag.o)
                0x0000ad9c                rpl_remove_parent
 .text.nbr_callback
                0x0000adb8        0x4 contiki-srf06-cc26xx.a(rpl-dag.o)
 .text.remove_parents.constprop.5
                0x0000adbc       0x44 contiki-srf06-cc26xx.a(rpl-dag.o)
 .text.rpl_free_dag
                0x0000ae00       0x38 contiki-srf06-cc26xx.a(rpl-dag.o)
                0x0000ae00                rpl_free_dag
 .text.rpl_move_parent
                0x0000ae38       0x4c contiki-srf06-cc26xx.a(rpl-dag.o)
                0x0000ae38                rpl_move_parent
 .text.rpl_get_any_dag
                0x0000ae84       0x18 contiki-srf06-cc26xx.a(rpl-dag.o)
                0x0000ae84                rpl_get_any_dag
 .text.rpl_get_instance
                0x0000ae9c       0x20 contiki-srf06-cc26xx.a(rpl-dag.o)
                0x0000ae9c                rpl_get_instance
 .text.rpl_join_instance
                0x0000aebc      0x144 contiki-srf06-cc26xx.a(rpl-dag.o)
                0x0000aebc                rpl_join_instance
 .text.rpl_local_repair
                0x0000b000       0x68 contiki-srf06-cc26xx.a(rpl-dag.o)
                0x0000b000                rpl_local_repair
 .text.rpl_process_parent_event
                0x0000b068       0x60 contiki-srf06-cc26xx.a(rpl-dag.o)
                0x0000b068                rpl_process_parent_event
 .text.rpl_add_dag
                0x0000b0c8      0x150 contiki-srf06-cc26xx.a(rpl-dag.o)
                0x0000b0c8                rpl_add_dag
 .text.rpl_recalculate_ranks
                0x0000b218       0x50 contiki-srf06-cc26xx.a(rpl-dag.o)
                0x0000b218                rpl_recalculate_ranks
 .text.rpl_process_dio
                0x0000b268      0x318 contiki-srf06-cc26xx.a(rpl-dag.o)
                0x0000b268                rpl_process_dio
 .text.rpl_verify_header
                0x0000b580      0x104 contiki-srf06-cc26xx.a(rpl-ext-header.)
                0x0000b580                rpl_verify_header
 .text.rpl_update_header_empty
                0x0000b684      0x12c contiki-srf06-cc26xx.a(rpl-ext-header.)
                0x0000b684                rpl_update_header_empty
 .text.rpl_update_header_final
                0x0000b7b0       0x88 contiki-srf06-cc26xx.a(rpl-ext-header.)
                0x0000b7b0                rpl_update_header_final
 .text.rpl_invert_header
                0x0000b838       0x68 contiki-srf06-cc26xx.a(rpl-ext-header.)
                0x0000b838                rpl_invert_header
 .text.rpl_insert_header
                0x0000b8a0       0x1c contiki-srf06-cc26xx.a(rpl-ext-header.)
                0x0000b8a0                rpl_insert_header
 .text.get32    0x0000b8bc       0x20 contiki-srf06-cc26xx.a(rpl-icmp6.o)
 .text.dao_ack_input
                0x0000b8dc       0x14 contiki-srf06-cc26xx.a(rpl-icmp6.o)
 .text.dio_input
                0x0000b8f0      0x2b8 contiki-srf06-cc26xx.a(rpl-icmp6.o)
 .text.dis_output
                0x0000bba8       0x58 contiki-srf06-cc26xx.a(rpl-icmp6.o)
                0x0000bba8                dis_output
 .text.dio_output
                0x0000bc00      0x2dc contiki-srf06-cc26xx.a(rpl-icmp6.o)
                0x0000bc00                dio_output
 .text.dis_input
                0x0000bedc       0x40 contiki-srf06-cc26xx.a(rpl-icmp6.o)
 .text.dao_output_target
                0x0000bf1c      0x104 contiki-srf06-cc26xx.a(rpl-icmp6.o)
                0x0000bf1c                dao_output_target
 .text.dao_output
                0x0000c020       0x58 contiki-srf06-cc26xx.a(rpl-icmp6.o)
                0x0000c020                dao_output
 .text.dao_ack_output
                0x0000c078       0x30 contiki-srf06-cc26xx.a(rpl-icmp6.o)
                0x0000c078                dao_ack_output
 .text.dao_input
                0x0000c0a8      0x218 contiki-srf06-cc26xx.a(rpl-icmp6.o)
 .text.rpl_icmp6_register_handlers
                0x0000c2c0       0x30 contiki-srf06-cc26xx.a(rpl-icmp6.o)
                0x0000c2c0                rpl_icmp6_register_handlers
 .text.reset    0x0000c2f0        0x4 contiki-srf06-cc26xx.a(rpl-mrhof.o)
 .text.update_metric_container
                0x0000c2f4        0x8 contiki-srf06-cc26xx.a(rpl-mrhof.o)
 .text.calculate_rank
                0x0000c2fc       0x44 contiki-srf06-cc26xx.a(rpl-mrhof.o)
 .text.neighbor_link_callback
                0x0000c340       0x54 contiki-srf06-cc26xx.a(rpl-mrhof.o)
 .text.best_dag
                0x0000c394       0x2c contiki-srf06-cc26xx.a(rpl-mrhof.o)
 .text.best_parent
                0x0000c3c0       0x60 contiki-srf06-cc26xx.a(rpl-mrhof.o)
 .text.new_dio_interval
                0x0000c420       0x60 contiki-srf06-cc26xx.a(rpl-timers.o)
 .text.handle_periodic_timer
                0x0000c480       0x3c contiki-srf06-cc26xx.a(rpl-timers.o)
 .text.set_dao_lifetime_timer
                0x0000c4bc       0x3c contiki-srf06-cc26xx.a(rpl-timers.o)
 .text.handle_unicast_dio_timer
                0x0000c4f8       0x1c contiki-srf06-cc26xx.a(rpl-timers.o)
 .text.handle_dio_timer
                0x0000c514       0x8c contiki-srf06-cc26xx.a(rpl-timers.o)
 .text.schedule_dao
                0x0000c5a0       0x54 contiki-srf06-cc26xx.a(rpl-timers.o)
 .text.handle_dao_timer
                0x0000c5f4       0x5c contiki-srf06-cc26xx.a(rpl-timers.o)
 .text.rpl_reset_periodic_timer
                0x0000c650       0x3c contiki-srf06-cc26xx.a(rpl-timers.o)
                0x0000c650                rpl_reset_periodic_timer
 .text.rpl_reset_dio_timer
                0x0000c68c       0x1c contiki-srf06-cc26xx.a(rpl-timers.o)
                0x0000c68c                rpl_reset_dio_timer
 .text.rpl_schedule_dao
                0x0000c6a8        0x8 contiki-srf06-cc26xx.a(rpl-timers.o)
                0x0000c6a8                rpl_schedule_dao
 .text.rpl_schedule_unicast_dio_immediately
                0x0000c6b0       0x14 contiki-srf06-cc26xx.a(rpl-timers.o)
                0x0000c6b0                rpl_schedule_unicast_dio_immediately
 .text.rpl_schedule_probing
                0x0000c6c4       0x38 contiki-srf06-cc26xx.a(rpl-timers.o)
                0x0000c6c4                rpl_schedule_probing
 .text.handle_probing_timer
                0x0000c6fc       0xdc contiki-srf06-cc26xx.a(rpl-timers.o)
 .text.NOROM_AONRTCCurrentCompareValueGet
                0x0000c7d8       0x24 contiki-srf06-cc26xx.a(aon_rtc.o)
                0x0000c7d8                NOROM_AONRTCCurrentCompareValueGet
 .text.NOROM_CPUcpsid
                0x0000c7fc        0x8 contiki-srf06-cc26xx.a(cpu.o)
                0x0000c7fc                NOROM_CPUcpsid
 .text.NOROM_CPUcpsie
                0x0000c804        0x8 contiki-srf06-cc26xx.a(cpu.o)
                0x0000c804                NOROM_CPUcpsie
 .text.NOROM_CPUdelay
                0x0000c80c        0x8 contiki-srf06-cc26xx.a(cpu.o)
                0x0000c80c                NOROM_CPUdelay
 .text.NOROM_DDI16BitfieldWrite
                0x0000c814       0x4c contiki-srf06-cc26xx.a(ddi.o)
                0x0000c814                NOROM_DDI16BitfieldWrite
 .text.NOROM_DDI16BitfieldRead
                0x0000c860       0x48 contiki-srf06-cc26xx.a(ddi.o)
                0x0000c860                NOROM_DDI16BitfieldRead
 .text.NOROM_OSCClockSourceSet
                0x0000c8a8       0x50 contiki-srf06-cc26xx.a(osc.o)
                0x0000c8a8                NOROM_OSCClockSourceSet
 .text.NOROM_OSCClockSourceGet
                0x0000c8f8       0x24 contiki-srf06-cc26xx.a(osc.o)
                0x0000c8f8                NOROM_OSCClockSourceGet
 .text.NOROM_OSCInterfaceEnable
                0x0000c91c       0x34 contiki-srf06-cc26xx.a(osc.o)
                0x0000c91c                NOROM_OSCInterfaceEnable
 .text.NOROM_PowerCtrlSourceSet
                0x0000c950       0x30 contiki-srf06-cc26xx.a(pwr_ctrl.o)
                0x0000c950                NOROM_PowerCtrlSourceSet
 .text.HapiTrimDeviceShutDown
                0x0000c980      0x4f4 contiki-srf06-cc26xx.a(setup.o)
 .text.trimDevice
                0x0000ce74       0xfc contiki-srf06-cc26xx.a(setup.o)
                0x0000ce74                trimDevice
 .text.SysCtrlSetRechargeBeforePowerDown
                0x0000cf70      0x1e8 contiki-srf06-cc26xx.a(sys_ctrl.o)
                0x0000cf70                SysCtrlSetRechargeBeforePowerDown
 .text.SysCtrlAdjustRechargeAfterPowerDown
                0x0000d158       0x64 contiki-srf06-cc26xx.a(sys_ctrl.o)
                0x0000d158                SysCtrlAdjustRechargeAfterPowerDown
 .text.SysCtrl_DCDC_VoltageConditionalControl
                0x0000d1bc       0x78 contiki-srf06-cc26xx.a(sys_ctrl.o)
                0x0000d1bc                SysCtrl_DCDC_VoltageConditionalControl
 .text.linkaddr_copy
                0x0000d234        0xc contiki-srf06-cc26xx.a(linkaddr.o)
                0x0000d234                linkaddr_copy
 .text.linkaddr_cmp
                0x0000d240       0x10 contiki-srf06-cc26xx.a(linkaddr.o)
                0x0000d240                linkaddr_cmp
 .text.nbr_set_bit
                0x0000d250       0x4c contiki-srf06-cc26xx.a(nbr-table.o)
 .text.index_from_lladdr
                0x0000d29c       0x50 contiki-srf06-cc26xx.a(nbr-table.o)
 .text.nbr_get_bit.constprop.0
                0x0000d2ec       0x2c contiki-srf06-cc26xx.a(nbr-table.o)
 .text.nbr_table_register
                0x0000d318       0x2c contiki-srf06-cc26xx.a(nbr-table.o)
                0x0000d318                nbr_table_register
 .text.nbr_table_next
                0x0000d344       0x70 contiki-srf06-cc26xx.a(nbr-table.o)
                0x0000d344                nbr_table_next
 .text.nbr_table_head
                0x0000d3b4       0x58 contiki-srf06-cc26xx.a(nbr-table.o)
                0x0000d3b4                nbr_table_head
 .text.nbr_table_add_lladdr
                0x0000d40c      0x190 contiki-srf06-cc26xx.a(nbr-table.o)
                0x0000d40c                nbr_table_add_lladdr
 .text.nbr_table_get_from_lladdr
                0x0000d59c       0x34 contiki-srf06-cc26xx.a(nbr-table.o)
                0x0000d59c                nbr_table_get_from_lladdr
 .text.nbr_table_remove
                0x0000d5d0       0x2c contiki-srf06-cc26xx.a(nbr-table.o)
                0x0000d5d0                nbr_table_remove
 .text.nbr_table_lock
                0x0000d5fc       0x14 contiki-srf06-cc26xx.a(nbr-table.o)
                0x0000d5fc                nbr_table_lock
 .text.nbr_table_unlock
                0x0000d610       0x14 contiki-srf06-cc26xx.a(nbr-table.o)
                0x0000d610                nbr_table_unlock
 .text.nbr_table_get_lladdr
                0x0000d624       0x30 contiki-srf06-cc26xx.a(nbr-table.o)
                0x0000d624                nbr_table_get_lladdr
 .text.netstack_init
                0x0000d654       0x38 contiki-srf06-cc26xx.a(netstack.o)
                0x0000d654                netstack_init
 .text.packetbuf_copyto
                0x0000d68c       0x50 contiki-srf06-cc26xx.a(packetbuf.o)
                0x0000d68c                packetbuf_copyto
 .text.packetbuf_hdralloc
                0x0000d6dc       0x48 contiki-srf06-cc26xx.a(packetbuf.o)
                0x0000d6dc                packetbuf_hdralloc
 .text.packetbuf_hdrreduce
                0x0000d724       0x2c contiki-srf06-cc26xx.a(packetbuf.o)
                0x0000d724                packetbuf_hdrreduce
 .text.packetbuf_set_datalen
                0x0000d750        0xc contiki-srf06-cc26xx.a(packetbuf.o)
                0x0000d750                packetbuf_set_datalen
 .text.packetbuf_dataptr
                0x0000d75c       0x14 contiki-srf06-cc26xx.a(packetbuf.o)
                0x0000d75c                packetbuf_dataptr
 .text.packetbuf_hdrptr
                0x0000d770       0x14 contiki-srf06-cc26xx.a(packetbuf.o)
                0x0000d770                packetbuf_hdrptr
 .text.packetbuf_datalen
                0x0000d784        0xc contiki-srf06-cc26xx.a(packetbuf.o)
                0x0000d784                packetbuf_datalen
 .text.packetbuf_totlen
                0x0000d790       0x28 contiki-srf06-cc26xx.a(packetbuf.o)
                0x0000d790                packetbuf_totlen
 .text.packetbuf_attr_clear
                0x0000d7b8       0x38 contiki-srf06-cc26xx.a(packetbuf.o)
                0x0000d7b8                packetbuf_attr_clear
 .text.packetbuf_clear
                0x0000d7f0       0x34 contiki-srf06-cc26xx.a(packetbuf.o)
                0x0000d7f0                packetbuf_clear
 .text.packetbuf_copyfrom
                0x0000d824       0x2c contiki-srf06-cc26xx.a(packetbuf.o)
                0x0000d824                packetbuf_copyfrom
 .text.packetbuf_attr_copyto
                0x0000d850       0x44 contiki-srf06-cc26xx.a(packetbuf.o)
                0x0000d850                packetbuf_attr_copyto
 .text.packetbuf_attr_copyfrom
                0x0000d894       0x44 contiki-srf06-cc26xx.a(packetbuf.o)
                0x0000d894                packetbuf_attr_copyfrom
 .text.packetbuf_set_attr
                0x0000d8d8       0x10 contiki-srf06-cc26xx.a(packetbuf.o)
                0x0000d8d8                packetbuf_set_attr
 .text.packetbuf_attr
                0x0000d8e8        0xc contiki-srf06-cc26xx.a(packetbuf.o)
                0x0000d8e8                packetbuf_attr
 .text.packetbuf_set_addr
                0x0000d8f4       0x18 contiki-srf06-cc26xx.a(packetbuf.o)
                0x0000d8f4                packetbuf_set_addr
 .text.packetbuf_addr
                0x0000d90c       0x10 contiki-srf06-cc26xx.a(packetbuf.o)
                0x0000d90c                packetbuf_addr
 .text.packetbuf_holds_broadcast
                0x0000d91c       0x10 contiki-srf06-cc26xx.a(packetbuf.o)
                0x0000d91c                packetbuf_holds_broadcast
 .text.queuebuf_init
                0x0000d92c       0x1c contiki-srf06-cc26xx.a(queuebuf.o)
                0x0000d92c                queuebuf_init
 .text.queuebuf_numfree
                0x0000d948        0xc contiki-srf06-cc26xx.a(queuebuf.o)
                0x0000d948                queuebuf_numfree
 .text.queuebuf_new_from_packetbuf
                0x0000d954       0x48 contiki-srf06-cc26xx.a(queuebuf.o)
                0x0000d954                queuebuf_new_from_packetbuf
 .text.queuebuf_update_attr_from_packetbuf
                0x0000d99c        0xc contiki-srf06-cc26xx.a(queuebuf.o)
                0x0000d99c                queuebuf_update_attr_from_packetbuf
 .text.queuebuf_update_from_packetbuf
                0x0000d9a8       0x1c contiki-srf06-cc26xx.a(queuebuf.o)
                0x0000d9a8                queuebuf_update_from_packetbuf
 .text.queuebuf_free
                0x0000d9c4       0x2c contiki-srf06-cc26xx.a(queuebuf.o)
                0x0000d9c4                queuebuf_free
 .text.queuebuf_to_packetbuf
                0x0000d9f0       0x30 contiki-srf06-cc26xx.a(queuebuf.o)
                0x0000d9f0                queuebuf_to_packetbuf
 .text.queuebuf_attr
                0x0000da20        0xc contiki-srf06-cc26xx.a(queuebuf.o)
                0x0000da20                queuebuf_attr
 .text.input_packet
                0x0000da2c        0xc contiki-srf06-cc26xx.a(csma.o)
 .text.on       0x0000da38        0xc contiki-srf06-cc26xx.a(csma.o)
 .text.off      0x0000da44        0xc contiki-srf06-cc26xx.a(csma.o)
 .text.channel_check_interval
                0x0000da50       0x10 contiki-srf06-cc26xx.a(csma.o)
 .text.transmit_packet_list
                0x0000da60       0x34 contiki-srf06-cc26xx.a(csma.o)
 .text.free_packet
                0x0000da94       0x98 contiki-srf06-cc26xx.a(csma.o)
 .text.packet_sent
                0x0000db2c      0x100 contiki-srf06-cc26xx.a(csma.o)
 .text.send_packet
                0x0000dc2c      0x164 contiki-srf06-cc26xx.a(csma.o)
 .text.init     0x0000dd90       0x24 contiki-srf06-cc26xx.a(csma.o)
 .text.parse    0x0000ddb4       0xa0 contiki-srf06-cc26xx.a(framer-802154.o)
 .text.create_frame.isra.0
                0x0000de54      0x13c contiki-srf06-cc26xx.a(framer-802154.o)
 .text.create   0x0000df90        0x8 contiki-srf06-cc26xx.a(framer-802154.o)
 .text.hdr_length
                0x0000df98        0x8 contiki-srf06-cc26xx.a(framer-802154.o)
 .text.mac_call_sent_callback
                0x0000dfa0       0x10 contiki-srf06-cc26xx.a(mac.o)
                0x0000dfa0                mac_call_sent_callback
 .text.duty_cycle
                0x0000dfb0        0x4 contiki-srf06-cc26xx.a(contikimac.o)
 .text.init     0x0000dfb4       0x40 contiki-srf06-cc26xx.a(contikimac.o)
 .text.on       0x0000dff4       0x2c contiki-srf06-cc26xx.a(contikimac.o)
 .text.off      0x0000e020       0x38 contiki-srf06-cc26xx.a(contikimac.o)
 .text.recv_burst_off
                0x0000e058       0x14 contiki-srf06-cc26xx.a(contikimac.o)
 .text.powercycle_turn_radio_off.part.2
                0x0000e06c       0x10 contiki-srf06-cc26xx.a(contikimac.o)
 .text.turn_off
                0x0000e07c       0x48 contiki-srf06-cc26xx.a(contikimac.o)
 .text.turn_on  0x0000e0c4       0x40 contiki-srf06-cc26xx.a(contikimac.o)
 .text.schedule_powercycle_fixed.part.5
                0x0000e104       0x2c contiki-srf06-cc26xx.a(contikimac.o)
 .text.input_packet
                0x0000e130       0xac contiki-srf06-cc26xx.a(contikimac.o)
 .text.send_packet.isra.8
                0x0000e1dc      0x228 contiki-srf06-cc26xx.a(contikimac.o)
 .text.qsend_list
                0x0000e404       0xe0 contiki-srf06-cc26xx.a(contikimac.o)
 .text.qsend_packet
                0x0000e4e4       0x24 contiki-srf06-cc26xx.a(contikimac.o)
 .text.powercycle_wrapper
                0x0000e508      0x234 contiki-srf06-cc26xx.a(contikimac.o)
 .text.init     0x0000e73c        0x4 contiki-srf06-cc26xx.a(nullsec.o)
 .text.input    0x0000e740        0xc contiki-srf06-cc26xx.a(nullsec.o)
 .text.send     0x0000e74c       0x20 contiki-srf06-cc26xx.a(nullsec.o)
 .text.sensor_common_read_reg
                0x0000e76c       0x1c contiki-srf06-cc26xx.a(sensor-common.o)
                0x0000e76c                sensor_common_read_reg
 .text.sensor_common_write_reg
                0x0000e788       0x38 contiki-srf06-cc26xx.a(sensor-common.o)
                0x0000e788                sensor_common_write_reg
 .text.sensor_common_set_error_data
                0x0000e7c0       0x10 contiki-srf06-cc26xx.a(sensor-common.o)
                0x0000e7c0                sensor_common_set_error_data
 .text.verify_part
                0x0000e7d0       0x6c contiki-srf06-cc26xx.a(ext-flash.o)
 .text.wait_ready
                0x0000e83c       0x64 contiki-srf06-cc26xx.a(ext-flash.o)
 .text.power_down
                0x0000e8a0       0x50 contiki-srf06-cc26xx.a(ext-flash.o)
 .text.ext_flash_open
                0x0000e8f0       0x60 contiki-srf06-cc26xx.a(ext-flash.o)
                0x0000e8f0                ext_flash_open
 .text.ext_flash_init
                0x0000e950       0x14 contiki-srf06-cc26xx.a(ext-flash.o)
                0x0000e950                ext_flash_init
 .text.buzzer_init
                0x0000e964        0xc contiki-srf06-cc26xx.a(buzzer.o)
                0x0000e964                buzzer_init
 .text.buzzer_stop
                0x0000e970       0x74 contiki-srf06-cc26xx.a(buzzer.o)
                0x0000e970                buzzer_stop
 .text.accessible
                0x0000e9e4       0x24 contiki-srf06-cc26xx.a(board-spi.o)
 .text.board_spi_write
                0x0000ea08       0x3c contiki-srf06-cc26xx.a(board-spi.o)
                0x0000ea08                board_spi_write
 .text.board_spi_read
                0x0000ea44       0x48 contiki-srf06-cc26xx.a(board-spi.o)
                0x0000ea44                board_spi_read
 .text.board_spi_flush
                0x0000ea8c       0x24 contiki-srf06-cc26xx.a(board-spi.o)
                0x0000ea8c                board_spi_flush
 .text.board_spi_open
                0x0000eab0       0xc0 contiki-srf06-cc26xx.a(board-spi.o)
                0x0000eab0                board_spi_open
 .text.board_spi_close
                0x0000eb70       0x70 contiki-srf06-cc26xx.a(board-spi.o)
                0x0000eb70                board_spi_close
 .text.process_thread_rf_core_process
                0x0000ebe0       0x58 contiki-srf06-cc26xx.a(rf-core.o)
 .text.rf_core_is_accessible
                0x0000ec38       0x10 contiki-srf06-cc26xx.a(rf-core.o)
                0x0000ec38                rf_core_is_accessible
 .text.rf_core_send_cmd
                0x0000ec48       0xa4 contiki-srf06-cc26xx.a(rf-core.o)
                0x0000ec48                rf_core_send_cmd
 .text.rf_core_wait_cmd_done
                0x0000ecec       0x30 contiki-srf06-cc26xx.a(rf-core.o)
                0x0000ecec                rf_core_wait_cmd_done
 .text.rf_core_power_up
                0x0000ed1c       0xb4 contiki-srf06-cc26xx.a(rf-core.o)
                0x0000ed1c                rf_core_power_up
 .text.rf_core_power_down
                0x0000edd0       0xe8 contiki-srf06-cc26xx.a(rf-core.o)
                0x0000edd0                rf_core_power_down
 .text.rf_core_set_modesel
                0x0000eeb8       0x68 contiki-srf06-cc26xx.a(rf-core.o)
                0x0000eeb8                rf_core_set_modesel
 .text.rf_core_boot
                0x0000ef20       0x30 contiki-srf06-cc26xx.a(rf-core.o)
                0x0000ef20                rf_core_boot
 .text.rf_core_setup_interrupts
                0x0000ef50       0x6c contiki-srf06-cc26xx.a(rf-core.o)
                0x0000ef50                rf_core_setup_interrupts
 .text.rf_core_cmd_done_en
                0x0000efbc       0x28 contiki-srf06-cc26xx.a(rf-core.o)
                0x0000efbc                rf_core_cmd_done_en
 .text.rf_core_cmd_done_dis
                0x0000efe4       0x10 contiki-srf06-cc26xx.a(rf-core.o)
                0x0000efe4                rf_core_cmd_done_dis
 .text.rf_core_get_last_radio_op
                0x0000eff4        0xc contiki-srf06-cc26xx.a(rf-core.o)
                0x0000eff4                rf_core_get_last_radio_op
 .text.rf_core_init_radio_op
                0x0000f000       0x20 contiki-srf06-cc26xx.a(rf-core.o)
                0x0000f000                rf_core_init_radio_op
 .text.rf_core_primary_mode_register
                0x0000f020        0xc contiki-srf06-cc26xx.a(rf-core.o)
                0x0000f020                rf_core_primary_mode_register
 .text.RFCCPE1IntHandler
                0x0000f02c       0x28 contiki-srf06-cc26xx.a(rf-core.o)
                0x0000f02c                RFCCPE1IntHandler
 .text.RFCCPE0IntHandler
                0x0000f054       0x5c contiki-srf06-cc26xx.a(rf-core.o)
                0x0000f054                RFCCPE0IntHandler
 .text.rf_ble_is_active
                0x0000f0b0        0xc contiki-srf06-cc26xx.a(rf-ble.o)
                0x0000f0b0                rf_ble_is_active
 .text.stimer_set
                0x0000f0bc       0x10 contiki-srf06-cc26xx.a(stimer.o)
                0x0000f0bc                stimer_set
 .text.stimer_expired
                0x0000f0cc       0x20 contiki-srf06-cc26xx.a(stimer.o)
                0x0000f0cc                stimer_expired
 .text.memb_init
                0x0000f0ec       0x24 contiki-srf06-cc26xx.a(memb.o)
                0x0000f0ec                memb_init
 .text.memb_alloc
                0x0000f110       0x3c contiki-srf06-cc26xx.a(memb.o)
                0x0000f110                memb_alloc
 .text.memb_free
                0x0000f14c       0x44 contiki-srf06-cc26xx.a(memb.o)
                0x0000f14c                memb_free
 .text.memb_inmemb
                0x0000f190       0x1c contiki-srf06-cc26xx.a(memb.o)
                0x0000f190                memb_inmemb
 .text.memb_numfree
                0x0000f1ac       0x1c contiki-srf06-cc26xx.a(memb.o)
                0x0000f1ac                memb_numfree
 .text.AONBatMonTemperatureGetDegC
                0x0000f1c8       0x30 contiki-srf06-cc26xx.a(aon_batmon.o)
                0x0000f1c8                AONBatMonTemperatureGetDegC
 .text.ChipInfo_GetSupportedProtocol_BV
                0x0000f1f8       0x10 contiki-srf06-cc26xx.a(chipinfo.o)
                0x0000f1f8                ChipInfo_GetSupportedProtocol_BV
 .text.ChipInfo_GetChipFamily
                0x0000f208       0x38 contiki-srf06-cc26xx.a(chipinfo.o)
                0x0000f208                ChipInfo_GetChipFamily
 .text.ChipInfo_GetHwRevision
                0x0000f240       0x98 contiki-srf06-cc26xx.a(chipinfo.o)
                0x0000f240                ChipInfo_GetHwRevision
 .text.ThisCodeIsBuiltForCC26xxHwRev22AndLater_HaltIfViolated
                0x0000f2d8       0x2c contiki-srf06-cc26xx.a(chipinfo.o)
                0x0000f2d8                ThisCodeIsBuiltForCC26xxHwRev22AndLater_HaltIfViolated
 .text.frame802154_get_pan_id
                0x0000f304        0xc contiki-srf06-cc26xx.a(frame802154.o)
                0x0000f304                frame802154_get_pan_id
 .text.frame802154_has_panid
                0x0000f310       0x54 contiki-srf06-cc26xx.a(frame802154.o)
                0x0000f310                frame802154_has_panid
 .text.field_len
                0x0000f364       0x9c contiki-srf06-cc26xx.a(frame802154.o)
 .text.frame802154_is_broadcast_addr
                0x0000f400       0x20 contiki-srf06-cc26xx.a(frame802154.o)
                0x0000f400                frame802154_is_broadcast_addr
 .text.frame802154_hdrlen
                0x0000f420       0x34 contiki-srf06-cc26xx.a(frame802154.o)
                0x0000f420                frame802154_hdrlen
 .text.frame802154_create
                0x0000f454      0x10c contiki-srf06-cc26xx.a(frame802154.o)
                0x0000f454                frame802154_create
 .text.frame802154_parse
                0x0000f560      0x17c contiki-srf06-cc26xx.a(frame802154.o)
                0x0000f560                frame802154_parse
 .text.mac_sequence_is_duplicate
                0x0000f6dc       0x3c contiki-srf06-cc26xx.a(mac-sequence.o)
                0x0000f6dc                mac_sequence_is_duplicate
 .text.mac_sequence_register_seqno
                0x0000f718       0x70 contiki-srf06-cc26xx.a(mac-sequence.o)
                0x0000f718                mac_sequence_register_seqno
 .text.exp2     0x0000f788       0x10 /usr/bin/../lib/gcc/arm-none-eabi/4.9.3/../../../../arm-none-eabi/lib/armv7-m/libm.a(lib_a-w_exp2.o)
                0x0000f788                exp2
 .text.pow      0x0000f798      0x2f0 /usr/bin/../lib/gcc/arm-none-eabi/4.9.3/../../../../arm-none-eabi/lib/armv7-m/libm.a(lib_a-w_pow.o)
                0x0000f798                pow
 .text.__ieee754_sqrt
                0x0000fa88      0x18c /usr/bin/../lib/gcc/arm-none-eabi/4.9.3/../../../../arm-none-eabi/lib/armv7-m/libm.a(lib_a-e_sqrt.o)
                0x0000fa88                __ieee754_sqrt
 .text.fabs     0x0000fc14        0x8 /usr/bin/../lib/gcc/arm-none-eabi/4.9.3/../../../../arm-none-eabi/lib/armv7-m/libm.a(lib_a-s_fabs.o)
                0x0000fc14                fabs
 .text.finite   0x0000fc1c        0xc /usr/bin/../lib/gcc/arm-none-eabi/4.9.3/../../../../arm-none-eabi/lib/armv7-m/libm.a(lib_a-s_finite.o)
                0x0000fc1c                finite
 .text.__fpclassifyd
                0x0000fc28       0x58 /usr/bin/../lib/gcc/arm-none-eabi/4.9.3/../../../../arm-none-eabi/lib/armv7-m/libm.a(lib_a-s_fpclassify.o)
                0x0000fc28                __fpclassifyd
 .text.matherr  0x0000fc80        0x4 /usr/bin/../lib/gcc/arm-none-eabi/4.9.3/../../../../arm-none-eabi/lib/armv7-m/libm.a(lib_a-s_matherr.o)
                0x0000fc80                matherr
 .text.nan      0x0000fc84        0xc /usr/bin/../lib/gcc/arm-none-eabi/4.9.3/../../../../arm-none-eabi/lib/armv7-m/libm.a(lib_a-s_nan.o)
                0x0000fc84                nan
 .text.rint     0x0000fc90      0x11c /usr/bin/../lib/gcc/arm-none-eabi/4.9.3/../../../../arm-none-eabi/lib/armv7-m/libm.a(lib_a-s_rint.o)
                0x0000fc90                rint
 .text.copysign
                0x0000fdac       0x10 /usr/bin/../lib/gcc/arm-none-eabi/4.9.3/../../../../arm-none-eabi/lib/armv7-m/libm.a(lib_a-s_copysign.o)
                0x0000fdac                copysign
 .text          0x0000fdbc      0x370 /usr/bin/../lib/gcc/arm-none-eabi/4.9.3/armv7-m/libgcc.a(_arm_addsubdf3.o)
                0x0000fdbc                __aeabi_drsub
                0x0000fdc4                __aeabi_dsub
                0x0000fdc4                __subdf3
                0x0000fdc8                __adddf3
                0x0000fdc8                __aeabi_dadd
                0x00010040                __aeabi_ui2d
                0x00010040                __floatunsidf
                0x00010060                __floatsidf
                0x00010060                __aeabi_i2d
                0x00010084                __extendsfdf2
                0x00010084                __aeabi_f2d
                0x000100c0                __aeabi_ul2d
                0x000100c0                __floatundidf
                0x000100d0                __floatdidf
                0x000100d0                __aeabi_l2d
 .text          0x0001012c      0x424 /usr/bin/../lib/gcc/arm-none-eabi/4.9.3/armv7-m/libgcc.a(_arm_muldivdf3.o)
                0x0001012c                __aeabi_dmul
                0x0001012c                __muldf3
                0x00010380                __aeabi_ddiv
                0x00010380                __divdf3
 .text          0x00010550      0x110 /usr/bin/../lib/gcc/arm-none-eabi/4.9.3/armv7-m/libgcc.a(_arm_cmpdf2.o)
                0x00010550                __gtdf2
                0x00010550                __gedf2
                0x00010558                __ltdf2
                0x00010558                __ledf2
                0x00010560                __cmpdf2
                0x00010560                __eqdf2
                0x00010560                __nedf2
                0x000105dc                __aeabi_cdrcmple
                0x000105ec                __aeabi_cdcmple
                0x000105ec                __aeabi_cdcmpeq
                0x000105fc                __aeabi_dcmpeq
                0x00010610                __aeabi_dcmplt
                0x00010624                __aeabi_dcmple
                0x00010638                __aeabi_dcmpge
                0x0001064c                __aeabi_dcmpgt
 .text          0x00010660       0xa0 /usr/bin/../lib/gcc/arm-none-eabi/4.9.3/armv7-m/libgcc.a(_arm_truncdfsf2.o)
                0x00010660                __aeabi_d2f
                0x00010660                __truncdfsf2
 .text          0x00010700      0x21c /usr/bin/../lib/gcc/arm-none-eabi/4.9.3/armv7-m/libgcc.a(_arm_addsubsf3.o)
                0x00010700                __aeabi_frsub
                0x00010708                __subsf3
                0x00010708                __aeabi_fsub
                0x0001070c                __aeabi_fadd
                0x0001070c                __addsf3
                0x0001086c                __aeabi_ui2f
                0x0001086c                __floatunsisf
                0x00010874                __aeabi_i2f
                0x00010874                __floatsisf
                0x00010890                __floatundisf
                0x00010890                __aeabi_ul2f
                0x000108a0                __floatdisf
                0x000108a0                __aeabi_l2f
 .text          0x0001091c      0x2a0 /usr/bin/../lib/gcc/arm-none-eabi/4.9.3/armv7-m/libgcc.a(_arm_muldivsf3.o)
                0x0001091c                __mulsf3
                0x0001091c                __aeabi_fmul
                0x00010a84                __divsf3
                0x00010a84                __aeabi_fdiv
 .text          0x00010bbc       0x4c /usr/bin/../lib/gcc/arm-none-eabi/4.9.3/armv7-m/libgcc.a(_arm_fixsfsi.o)
                0x00010bbc                __fixsfsi
                0x00010bbc                __aeabi_f2iz
 .text          0x00010c08       0x30 /usr/bin/../lib/gcc/arm-none-eabi/4.9.3/armv7-m/libgcc.a(_aeabi_uldivmod.o)
                0x00010c08                __aeabi_uldivmod
 .text          0x00010c38       0x60 /usr/bin/../lib/gcc/arm-none-eabi/4.9.3/armv7-m/libgcc.a(bpabi.o)
                0x00010c38                __gnu_ldivmod_helper
                0x00010c68                __gnu_uldivmod_helper
 .text          0x00010c98        0x4 /usr/bin/../lib/gcc/arm-none-eabi/4.9.3/armv7-m/libgcc.a(_dvmd_tls.o)
                0x00010c98                __aeabi_ldiv0
                0x00010c98                __aeabi_idiv0
 .text          0x00010c9c      0x2ac /usr/bin/../lib/gcc/arm-none-eabi/4.9.3/armv7-m/libgcc.a(_divdi3.o)
                0x00010c9c                __divdi3
 .text          0x00010f48      0x270 /usr/bin/../lib/gcc/arm-none-eabi/4.9.3/armv7-m/libgcc.a(_udivdi3.o)
                0x00010f48                __udivdi3
 .text.__errno  0x000111b8        0xc /usr/bin/../lib/gcc/arm-none-eabi/4.9.3/../../../../arm-none-eabi/lib/armv7-m/libc.a(lib_a-errno.o)
                0x000111b8                __errno
 .text.memcmp   0x000111c4       0x64 /usr/bin/../lib/gcc/arm-none-eabi/4.9.3/../../../../arm-none-eabi/lib/armv7-m/libc.a(lib_a-memcmp.o)
                0x000111c4                memcmp
 .text          0x00011228       0xec /usr/bin/../lib/gcc/arm-none-eabi/4.9.3/../../../../arm-none-eabi/lib/armv7-m/libc.a(lib_a-memcpy.o)
                0x00011228                memcpy
 .text.memmove  0x00011314       0xc8 /usr/bin/../lib/gcc/arm-none-eabi/4.9.3/../../../../arm-none-eabi/lib/armv7-m/libc.a(lib_a-memmove.o)
                0x00011314                memmove
 .text.memset   0x000113dc       0x9c /usr/bin/../lib/gcc/arm-none-eabi/4.9.3/../../../../arm-none-eabi/lib/armv7-m/libc.a(lib_a-memset.o)
                0x000113dc                memset
 .text.srand    0x00011478       0x14 /usr/bin/../lib/gcc/arm-none-eabi/4.9.3/../../../../arm-none-eabi/lib/armv7-m/libc.a(lib_a-rand.o)
                0x00011478                srand
 .text.rand     0x0001148c       0x40 /usr/bin/../lib/gcc/arm-none-eabi/4.9.3/../../../../arm-none-eabi/lib/armv7-m/libc.a(lib_a-rand.o)
                0x0001148c                rand
 .text.strcasecmp
                0x000114cc       0x40 /usr/bin/../lib/gcc/arm-none-eabi/4.9.3/../../../../arm-none-eabi/lib/armv7-m/libc.a(lib_a-strcasecmp.o)
                0x000114cc                strcasecmp
 .text          0x0001150c      0x1bc /usr/bin/../lib/gcc/arm-none-eabi/4.9.3/../../../../arm-none-eabi/lib/armv7-m/libc.a(lib_a-strcmp.o)
                0x0001150c                strcmp
 .text.strlen   0x000116c8       0x5c /usr/bin/../lib/gcc/arm-none-eabi/4.9.3/../../../../arm-none-eabi/lib/armv7-m/libc.a(lib_a-strlen.o)
                0x000116c8                strlen
 .text.strncasecmp
                0x00011724       0x54 /usr/bin/../lib/gcc/arm-none-eabi/4.9.3/../../../../arm-none-eabi/lib/armv7-m/libc.a(lib_a-strncasecmp.o)
                0x00011724                strncasecmp
 .text.strncat  0x00011778       0x5c /usr/bin/../lib/gcc/arm-none-eabi/4.9.3/../../../../arm-none-eabi/lib/armv7-m/libc.a(lib_a-strncat.o)
                0x00011778                strncat
 .text.strncpy  0x000117d4       0x68 /usr/bin/../lib/gcc/arm-none-eabi/4.9.3/../../../../arm-none-eabi/lib/armv7-m/libc.a(lib_a-strncpy.o)
                0x000117d4                strncpy
 *(SORT(.rodata*))
 *fill*         0x0001183c        0x4 00000000
 .rodata.dp_h   0x00011840       0x10 /usr/bin/../lib/gcc/arm-none-eabi/4.9.3/../../../../arm-none-eabi/lib/armv7-m/libm.a(lib_a-e_pow.o)
 .rodata.dp_l   0x00011850       0x10 /usr/bin/../lib/gcc/arm-none-eabi/4.9.3/../../../../arm-none-eabi/lib/armv7-m/libm.a(lib_a-e_pow.o)
 .rodata.bp     0x00011860       0x10 /usr/bin/../lib/gcc/arm-none-eabi/4.9.3/../../../../arm-none-eabi/lib/armv7-m/libm.a(lib_a-e_pow.o)
 .rodata.TWO52  0x00011870       0x10 /usr/bin/../lib/gcc/arm-none-eabi/4.9.3/../../../../arm-none-eabi/lib/armv7-m/libm.a(lib_a-s_rint.o)
 .rodata.autostart_processes
                0x00011880        0xc udp-server.co
                0x00011880                autostart_processes
 .rodata.str1.4
                0x0001188c       0xc7 udp-server.co
 *fill*         0x00011953        0x1 00000000
 .rodata.str1.4
                0x00011954       0xa1 contiki-srf06-cc26xx.a(contiki-main.o)
 *fill*         0x000119f5        0x3 00000000
 .rodata.str1.4
                0x000119f8        0x8 contiki-srf06-cc26xx.a(sensors.o)
 .rodata.str1.4
                0x00011a00        0x7 contiki-srf06-cc26xx.a(bmp-280-sensor.)
 *fill*         0x00011a07        0x1 00000000
 .rodata.bmp_280_sensor
                0x00011a08       0x10 contiki-srf06-cc26xx.a(bmp-280-sensor.)
                0x00011a08                bmp_280_sensor
 .rodata.tmp_007_sensor
                0x00011a18       0x10 contiki-srf06-cc26xx.a(tmp-007-sensor.)
                0x00011a18                tmp_007_sensor
 .rodata.str1.4
                0x00011a28        0x7 contiki-srf06-cc26xx.a(tmp-007-sensor.)
 *fill*         0x00011a2f        0x1 00000000
 .rodata.str1.4
                0x00011a30        0x8 contiki-srf06-cc26xx.a(opt-3001-sensor)
 .rodata.opt_3001_sensor
                0x00011a38       0x10 contiki-srf06-cc26xx.a(opt-3001-sensor)
                0x00011a38                opt_3001_sensor
 .rodata.hdc_1000_sensor
                0x00011a48       0x10 contiki-srf06-cc26xx.a(hdc-1000-sensor)
                0x00011a48                hdc_1000_sensor
 .rodata.str1.4
                0x00011a58        0x8 contiki-srf06-cc26xx.a(hdc-1000-sensor)
 .rodata.mpu_9250_sensor
                0x00011a60       0x10 contiki-srf06-cc26xx.a(mpu-9250-sensor)
                0x00011a60                mpu_9250_sensor
 .rodata.str1.4
                0x00011a70        0x8 contiki-srf06-cc26xx.a(mpu-9250-sensor)
 .rodata.str1.4
                0x00011a78        0x7 contiki-srf06-cc26xx.a(button-sensor.o)
 *fill*         0x00011a7f        0x1 00000000
 .rodata.button_left_sensor
                0x00011a80       0x10 contiki-srf06-cc26xx.a(button-sensor.o)
                0x00011a80                button_left_sensor
 .rodata.button_right_sensor
                0x00011a90       0x10 contiki-srf06-cc26xx.a(button-sensor.o)
                0x00011a90                button_right_sensor
 .rodata.str1.4
                0x00011aa0        0x5 contiki-srf06-cc26xx.a(reed-relay.o)
 *fill*         0x00011aa5        0x3 00000000
 .rodata.reed_relay_sensor
                0x00011aa8       0x10 contiki-srf06-cc26xx.a(reed-relay.o)
                0x00011aa8                reed_relay_sensor
 .rodata.output_power
                0x00011ab8       0x68 contiki-srf06-cc26xx.a(ieee-mode.o)
 .rodata.ieee_mode_driver
                0x00011b20       0x38 contiki-srf06-cc26xx.a(ieee-mode.o)
                0x00011b20                ieee_mode_driver
 .rodata.mode_ieee
                0x00011b58        0x8 contiki-srf06-cc26xx.a(ieee-mode.o)
 .rodata.str1.4
                0x00011b60       0x42 contiki-srf06-cc26xx.a(strformat.o)
                                 0x46 (size before relaxing)
 *fill*         0x00011ba2        0x2 00000000
 .rodata.buffer.4019
                0x00011ba4       0x10 contiki-srf06-cc26xx.a(strformat.o)
 .rodata.buffer.4028
                0x00011bb4       0x10 contiki-srf06-cc26xx.a(strformat.o)
 .rodata.str1.4
                0x00011bc4        0xf contiki-srf06-cc26xx.a(ctimer.o)
 *fill*         0x00011bd3        0x1 00000000
 .rodata.str1.4
                0x00011bd4        0xc contiki-srf06-cc26xx.a(etimer.o)
 .rodata.str1.4
                0x00011be0        0xe contiki-srf06-cc26xx.a(serial-line.o)
 *fill*         0x00011bee        0x2 00000000
 .rodata        0x00011bf0        0x2 contiki-srf06-cc26xx.a(sicslowpan.o)
 *fill*         0x00011bf2        0x2 00000000
 .rodata.ttl_values
                0x00011bf4        0x4 contiki-srf06-cc26xx.a(sicslowpan.o)
 .rodata.unc_llconf
                0x00011bf8        0x4 contiki-srf06-cc26xx.a(sicslowpan.o)
                0x00011bf8                unc_llconf
 .rodata.llprefix
                0x00011bfc        0x2 contiki-srf06-cc26xx.a(sicslowpan.o)
                0x00011bfc                llprefix
 *fill*         0x00011bfe        0x2 00000000
 .rodata.sicslowpan_driver
                0x00011c00        0xc contiki-srf06-cc26xx.a(sicslowpan.o)
                0x00011c00                sicslowpan_driver
 .rodata.unc_mxconf
                0x00011c0c        0x4 contiki-srf06-cc26xx.a(sicslowpan.o)
                0x00011c0c                unc_mxconf
 .rodata.unc_ctxconf
                0x00011c10        0x4 contiki-srf06-cc26xx.a(sicslowpan.o)
                0x00011c10                unc_ctxconf
 .rodata.str1.4
                0x00011c14        0xb contiki-srf06-cc26xx.a(sicslowpan.o)
 *fill*         0x00011c1f        0x1 00000000
 .rodata.local_suffix.6564
                0x00011c20        0x6 contiki-srf06-cc26xx.a(resolv.o)
 *fill*         0x00011c26        0x2 00000000
 .rodata.resolv_mdns_addr
                0x00011c28       0x10 contiki-srf06-cc26xx.a(resolv.o)
 .rodata.nsec_record.6463
                0x00011c38       0x12 contiki-srf06-cc26xx.a(resolv.o)
 *fill*         0x00011c4a        0x2 00000000
 .rodata.str1.4
                0x00011c4c       0x29 contiki-srf06-cc26xx.a(resolv.o)
 *fill*         0x00011c75        0x3 00000000
 .rodata.str1.4
                0x00011c78        0xd contiki-srf06-cc26xx.a(tcpip.o)
 *fill*         0x00011c85        0x3 00000000
 .rodata.str1.4
                0x00011c88       0x41 contiki-srf06-cc26xx.a(uip-debug.o)
 *fill*         0x00011cc9        0x3 00000000
 .rodata.linkaddr_null
                0x00011ccc        0x8 contiki-srf06-cc26xx.a(linkaddr.o)
                0x00011ccc                linkaddr_null
 .rodata.str1.4
                0x00011cd4        0x5 contiki-srf06-cc26xx.a(csma.o)
 *fill*         0x00011cd9        0x3 00000000
 .rodata.csma_driver
                0x00011cdc       0x1c contiki-srf06-cc26xx.a(csma.o)
                0x00011cdc                csma_driver
 .rodata.framer_802154
                0x00011cf8        0xc contiki-srf06-cc26xx.a(framer-802154.o)
                0x00011cf8                framer_802154
 .rodata.str1.4
                0x00011d04        0xb contiki-srf06-cc26xx.a(contikimac.o)
 *fill*         0x00011d0f        0x1 00000000
 .rodata.contikimac_driver
                0x00011d10       0x20 contiki-srf06-cc26xx.a(contikimac.o)
                0x00011d10                contikimac_driver
 .rodata.str1.4
                0x00011d30        0x8 contiki-srf06-cc26xx.a(nullsec.o)
 .rodata.nullsec_driver
                0x00011d38       0x10 contiki-srf06-cc26xx.a(nullsec.o)
                0x00011d38                nullsec_driver
 .rodata        0x00011d48        0x4 contiki-srf06-cc26xx.a(ext-flash.o)
 .rodata.str1.4
                0x00011d4c       0x46 contiki-srf06-cc26xx.a(rf-core.o)
 *fill*         0x00011d92        0x2 00000000
 .rodata.str1.4
                0x00011d94        0x4 /usr/bin/../lib/gcc/arm-none-eabi/4.9.3/../../../../arm-none-eabi/lib/armv7-m/libm.a(lib_a-w_pow.o)
 .rodata.str1.4
                0x00000000        0x4 /usr/bin/../lib/gcc/arm-none-eabi/4.9.3/../../../../arm-none-eabi/lib/armv7-m/libm.a(lib_a-e_pow.o)
                                  0x1 (size before relaxing)
 .rodata._ctype_
                0x00011d98      0x101 /usr/bin/../lib/gcc/arm-none-eabi/4.9.3/../../../../arm-none-eabi/lib/armv7-m/libc.a(lib_a-ctype_.o)
                0x00011d98                _ctype_
 *fill*         0x00011e99        0x3 00000000
 .rodata.str1.4
                0x00011e9c        0x4 /usr/bin/../lib/gcc/arm-none-eabi/4.9.3/../../../../arm-none-eabi/lib/armv7-m/libc.a(lib_a-impure.o)
                                  0x2 (size before relaxing)
                0x00011ea0                _etext = .

.glue_7         0x00011ea0        0x0
 .glue_7        0x00000000        0x0 linker stubs

.glue_7t        0x00011ea0        0x0
 .glue_7t       0x00000000        0x0 linker stubs

.vfp11_veneer   0x00011ea0        0x0
 .vfp11_veneer  0x00000000        0x0 linker stubs

.v4_bx          0x00011ea0        0x0
 .v4_bx         0x00000000        0x0 linker stubs

.iplt           0x00011ea0        0x0
 .iplt          0x00000000        0x0 obj_srf06-cc26xx/startup_gcc.o

.data           0x20000000      0x695 load address 0x00011ea0
                0x20000000                _data = .
 *(SORT(vtable))
 *(SORT(.data*))
 .data.impure_data
                0x20000000      0x428 /usr/bin/../lib/gcc/arm-none-eabi/4.9.3/../../../../arm-none-eabi/lib/armv7-m/libc.a(lib_a-impure.o)
 .data.udp_server_process
                0x20000428       0x10 udp-server.co
                0x20000428                udp_server_process
 .data.sensors_process
                0x20000438       0x10 contiki-srf06-cc26xx.a(sensors.o)
                0x20000438                sensors_process
 .data.sensors  0x20000448       0x24 contiki-srf06-cc26xx.a(sensortag-senso)
                0x20000448                sensors
 .data.sensortag_module
                0x2000046c       0x14 contiki-srf06-cc26xx.a(board.o)
 .data.uart_module
                0x20000480       0x14 contiki-srf06-cc26xx.a(cc26xx-uart.o)
 .data.cc26xx_rf_lpm_module
                0x20000494       0x14 contiki-srf06-cc26xx.a(ieee-mode.o)
 .data.tx_power_current
                0x200004a8        0x4 contiki-srf06-cc26xx.a(ieee-mode.o)
                0x200004a8                tx_power_current
 .data.ieee_overrides
                0x200004ac       0x2c contiki-srf06-cc26xx.a(ieee-mode.o)
 .data.ctxt     0x200004d8        0x8 contiki-srf06-cc26xx.a(dbg-printf.o)
 .data.ctimer_process
                0x200004e0       0x10 contiki-srf06-cc26xx.a(ctimer.o)
                0x200004e0                ctimer_process
 .data.etimer_process
                0x200004f0       0x10 contiki-srf06-cc26xx.a(etimer.o)
                0x200004f0                etimer_process
 .data.serial_line_process
                0x20000500       0x10 contiki-srf06-cc26xx.a(serial-line.o)
                0x20000500                serial_line_process
 .data.ds6_neighbors
                0x20000510        0x4 contiki-srf06-cc26xx.a(uip-ds6-nbr.o)
                0x20000510                ds6_neighbors
 .data.ds6_neighbors_struct
                0x20000514       0x10 contiki-srf06-cc26xx.a(uip-ds6-nbr.o)
 .data.defaultroutermemb
                0x20000524        0xc contiki-srf06-cc26xx.a(uip-ds6-route.o)
 .data.nbr_routes_struct
                0x20000530       0x10 contiki-srf06-cc26xx.a(uip-ds6-route.o)
 .data.nbr_routes
                0x20000540        0x4 contiki-srf06-cc26xx.a(uip-ds6-route.o)
                0x20000540                nbr_routes
 .data.routememb
                0x20000544        0xc contiki-srf06-cc26xx.a(uip-ds6-route.o)
 .data.neighborroutememb
                0x20000550        0xc contiki-srf06-cc26xx.a(uip-ds6-route.o)
 .data.echo_request_handler
                0x2000055c        0xc contiki-srf06-cc26xx.a(uip-icmp6.o)
 .data.echo_reply_handler
                0x20000568        0xc contiki-srf06-cc26xx.a(uip-icmp6.o)
 .data.ns_input_handler
                0x20000574        0xc contiki-srf06-cc26xx.a(uip-nd6.o)
 .data.na_input_handler
                0x20000580        0xc contiki-srf06-cc26xx.a(uip-nd6.o)
 .data.mdns_probe_process
                0x2000058c       0x10 contiki-srf06-cc26xx.a(resolv.o)
                0x2000058c                mdns_probe_process
 .data.resolv_process
                0x2000059c       0x10 contiki-srf06-cc26xx.a(resolv.o)
                0x2000059c                resolv_process
 .data.tcpip_process
                0x200005ac       0x10 contiki-srf06-cc26xx.a(tcpip.o)
                0x200005ac                tcpip_process
 .data.rpl_parents
                0x200005bc        0x4 contiki-srf06-cc26xx.a(rpl-dag.o)
                0x200005bc                rpl_parents
 .data.rpl_parents_struct
                0x200005c0       0x10 contiki-srf06-cc26xx.a(rpl-dag.o)
 .data.dao_ack_handler
                0x200005d0        0xc contiki-srf06-cc26xx.a(rpl-icmp6.o)
 .data.dis_handler
                0x200005dc        0xc contiki-srf06-cc26xx.a(rpl-icmp6.o)
 .data.dao_handler
                0x200005e8        0xc contiki-srf06-cc26xx.a(rpl-icmp6.o)
 .data.dio_handler
                0x200005f4        0xc contiki-srf06-cc26xx.a(rpl-icmp6.o)
 .data.rpl_mrhof
                0x20000600       0x1c contiki-srf06-cc26xx.a(rpl-mrhof.o)
                0x20000600                rpl_mrhof
 .data.neighbor_addr_mem
                0x2000061c        0xc contiki-srf06-cc26xx.a(nbr-table.o)
 .data.bufmem   0x20000628        0xc contiki-srf06-cc26xx.a(queuebuf.o)
 .data.buframmem
                0x20000634        0xc contiki-srf06-cc26xx.a(queuebuf.o)
 .data.metadata_memb
                0x20000640        0xc contiki-srf06-cc26xx.a(csma.o)
 .data.neighbor_memb
                0x2000064c        0xc contiki-srf06-cc26xx.a(csma.o)
 .data.packet_memb
                0x20000658        0xc contiki-srf06-cc26xx.a(csma.o)
 .data.buzzer_module
                0x20000664       0x14 contiki-srf06-cc26xx.a(buzzer.o)
 .data.rf_core_process
                0x20000678       0x10 contiki-srf06-cc26xx.a(rf-core.o)
                0x20000678                rf_core_process
 .data.__ctype_ptr__